interactions:
- request:
    body: null
    headers:
      Accept:
      - '*/*'
      Accept-Encoding:
      - gzip, deflate
      Connection:
      - keep-alive
      User-Agent:
      - python-requests/2.31.0
    method: GET
    uri: https://api.stlouisfed.org/fred/series/observations?file_type=json&output_type=4&realtime_start=1776-07-04&series_id=GDP
  response:
    body:
      string: '{"realtime_start":"1776-07-04","realtime_end":"9999-12-31","observation_start":"1600-01-01","observation_end":"9999-12-31","units":"lin","output_type":4,"file_type":"json","order_by":"observation_date","sort_order":"asc","count":127,"offset":0,"limit":100000,"observations":[{"realtime_start":"1992-01-29","realtime_end":"1992-02-27","date":"1991-10-01","value":"5736.6"},{"realtime_start":"1992-04-28","realtime_end":"1992-05-28","date":"1992-01-01","value":"5809.3"},{"realtime_start":"1992-07-30","realtime_end":"1992-08-26","date":"1992-04-01","value":"5893.6"},{"realtime_start":"1992-10-27","realtime_end":"1992-11-24","date":"1992-07-01","value":"5967.1"},{"realtime_start":"1993-01-28","realtime_end":"1993-02-25","date":"1992-10-01","value":"6061.9"},{"realtime_start":"1993-04-29","realtime_end":"1993-05-27","date":"1993-01-01","value":"6158.8"},{"realtime_start":"1993-07-29","realtime_end":"1993-08-30","date":"1993-04-01","value":"6206.9"},{"realtime_start":"1993-10-28","realtime_end":"1993-11-30","date":"1993-07-01","value":"6396.3"},{"realtime_start":"1994-01-28","realtime_end":"1994-02-28","date":"1993-10-01","value":"6510.8"},{"realtime_start":"1994-04-28","realtime_end":"1994-05-26","date":"1994-01-01","value":"6609.4"},{"realtime_start":"1994-07-29","realtime_end":"1994-08-25","date":"1994-04-01","value":"6683.6"},{"realtime_start":"1994-10-28","realtime_end":"1994-11-29","date":"1994-07-01","value":"6775.9"},{"realtime_start":"1995-01-27","realtime_end":"1995-02-28","date":"1994-10-01","value":"6891.1"},{"realtime_start":"1995-04-28","realtime_end":"1995-05-30","date":"1995-01-01","value":"6982.9"},{"realtime_start":"1995-07-28","realtime_end":"1995-08-29","date":"1995-04-01","value":"7011.8"},{"realtime_start":"1995-10-27","realtime_end":"1996-01-18","date":"1995-07-01","value":"7113.2"},{"realtime_start":"1996-02-23","realtime_end":"1996-04-01","date":"1995-10-01","value":"7348.1"},{"realtime_start":"1996-05-02","realtime_end":"1996-05-29","date":"1996-01-01","value":"7430.7"},{"realtime_start":"1996-08-01","realtime_end":"1996-08-28","date":"1996-04-01","value":"7538.1"},{"realtime_start":"1996-10-30","realtime_end":"1996-11-26","date":"1996-07-01","value":"7616"},{"realtime_start":"1997-01-31","realtime_end":"1997-02-27","date":"1996-10-01","value":"7731.7"},{"realtime_start":"1997-04-30","realtime_end":"1997-05-29","date":"1997-01-01","value":"7866.0"},{"realtime_start":"1997-07-31","realtime_end":"1997-08-27","date":"1997-04-01","value":"8004.8"},{"realtime_start":"1997-10-31","realtime_end":"1997-11-25","date":"1997-07-01","value":"8131.7"},{"realtime_start":"1998-01-30","realtime_end":"1998-02-26","date":"1997-10-01","value":"8241.5"},{"realtime_start":"1998-04-30","realtime_end":"1998-05-27","date":"1998-01-01","value":"8332.2"},{"realtime_start":"1998-07-31","realtime_end":"1998-08-26","date":"1998-04-01","value":"8431.7"},{"realtime_start":"1998-10-30","realtime_end":"1998-11-23","date":"1998-07-01","value":"8526.5"},{"realtime_start":"1999-01-29","realtime_end":"1999-02-25","date":"1998-10-01","value":"8672.8"},{"realtime_start":"1999-04-30","realtime_end":"1999-05-26","date":"1999-01-01","value":"8807.9"},{"realtime_start":"1999-07-29","realtime_end":"1999-08-25","date":"1999-04-01","value":"8893.3"},{"realtime_start":"1999-10-28","realtime_end":"1999-11-23","date":"1999-07-01","value":"9276.3"},{"realtime_start":"2000-01-28","realtime_end":"2000-02-24","date":"1999-10-01","value":"9477.1"},{"realtime_start":"2000-04-27","realtime_end":"2000-05-24","date":"2000-01-01","value":"9697.2"},{"realtime_start":"2000-07-28","realtime_end":"2000-08-24","date":"2000-04-01","value":"9937.3"},{"realtime_start":"2000-10-27","realtime_end":"2000-11-28","date":"2000-07-01","value":"10063.3"},{"realtime_start":"2001-01-31","realtime_end":"2001-02-27","date":"2000-10-01","value":"10125.0"},{"realtime_start":"2001-04-27","realtime_end":"2001-05-24","date":"2001-01-01","value":"10243.6"},{"realtime_start":"2001-07-27","realtime_end":"2001-08-28","date":"2001-04-01","value":"10217.6"},{"realtime_start":"2001-10-31","realtime_end":"2001-11-29","date":"2001-07-01","value":"10247.7"},{"realtime_start":"2002-01-30","realtime_end":"2002-02-27","date":"2001-10-01","value":"10221.6"},{"realtime_start":"2002-04-26","realtime_end":"2002-05-23","date":"2002-01-01","value":"10431.3"},{"realtime_start":"2002-07-31","realtime_end":"2002-08-28","date":"2002-04-01","value":"10369.9"},{"realtime_start":"2002-10-31","realtime_end":"2002-11-25","date":"2002-07-01","value":"10486.1"},{"realtime_start":"2003-01-30","realtime_end":"2003-02-27","date":"2002-10-01","value":"10572.3"},{"realtime_start":"2003-04-25","realtime_end":"2003-05-28","date":"2003-01-01","value":"10697.6"},{"realtime_start":"2003-07-31","realtime_end":"2003-08-27","date":"2003-04-01","value":"10777.3"},{"realtime_start":"2003-10-30","realtime_end":"2003-11-24","date":"2003-07-01","value":"11038.4"},{"realtime_start":"2004-01-30","realtime_end":"2004-02-26","date":"2003-10-01","value":"11246.3"},{"realtime_start":"2004-04-29","realtime_end":"2004-05-26","date":"2004-01-01","value":"11447.8"},{"realtime_start":"2004-07-30","realtime_end":"2004-08-26","date":"2004-04-01","value":"11649.3"},{"realtime_start":"2004-10-29","realtime_end":"2004-11-29","date":"2004-07-01","value":"11803.5"},{"realtime_start":"2005-01-28","realtime_end":"2005-02-24","date":"2004-10-01","value":"11967.0"},{"realtime_start":"2005-04-28","realtime_end":"2005-05-25","date":"2005-01-01","value":"12182.7"},{"realtime_start":"2005-07-29","realtime_end":"2005-08-30","date":"2005-04-01","value":"12376.2"},{"realtime_start":"2005-10-28","realtime_end":"2005-11-29","date":"2005-07-01","value":"12589.6"},{"realtime_start":"2006-01-27","realtime_end":"2006-02-27","date":"2005-10-01","value":"12735.3"},{"realtime_start":"2006-04-28","realtime_end":"2006-05-24","date":"2006-01-01","value":"13020.9"},{"realtime_start":"2006-07-28","realtime_end":"2006-08-29","date":"2006-04-01","value":"13193.9"},{"realtime_start":"2006-10-27","realtime_end":"2006-11-28","date":"2006-07-01","value":"13308.3"},{"realtime_start":"2007-01-31","realtime_end":"2007-02-27","date":"2006-10-01","value":"13487.2"},{"realtime_start":"2007-04-27","realtime_end":"2007-05-30","date":"2007-01-01","value":"13632.6"},{"realtime_start":"2007-07-27","realtime_end":"2007-08-29","date":"2007-04-01","value":"13755.9"},{"realtime_start":"2007-10-31","realtime_end":"2007-11-28","date":"2007-07-01","value":"13926.7"},{"realtime_start":"2008-01-30","realtime_end":"2008-02-27","date":"2007-10-01","value":"14080.8"},{"realtime_start":"2008-04-30","realtime_end":"2008-05-28","date":"2008-01-01","value":"14185.2"},{"realtime_start":"2008-07-31","realtime_end":"2008-08-27","date":"2008-04-01","value":"14256.5"},{"realtime_start":"2008-10-30","realtime_end":"2008-11-24","date":"2008-07-01","value":"14429.2"},{"realtime_start":"2009-01-30","realtime_end":"2009-02-26","date":"2008-10-01","value":"14264.6"},{"realtime_start":"2009-04-29","realtime_end":"2009-05-28","date":"2009-01-01","value":"14075.5"},{"realtime_start":"2009-07-31","realtime_end":"2009-08-26","date":"2009-04-01","value":"14149.8"},{"realtime_start":"2009-10-29","realtime_end":"2009-11-23","date":"2009-07-01","value":"14301.5"},{"realtime_start":"2010-01-29","realtime_end":"2010-02-25","date":"2009-10-01","value":"14463.4"},{"realtime_start":"2010-04-30","realtime_end":"2010-06-24","date":"2010-01-01","value":"14601.4"},{"realtime_start":"2010-07-30","realtime_end":"2010-08-26","date":"2010-04-01","value":"14597.7"},{"realtime_start":"2010-10-29","realtime_end":"2010-11-22","date":"2010-07-01","value":"14730.2"},{"realtime_start":"2011-01-28","realtime_end":"2011-02-24","date":"2010-10-01","value":"14870.4"},{"realtime_start":"2011-04-28","realtime_end":"2011-05-25","date":"2011-01-01","value":"15006.4"},{"realtime_start":"2011-07-29","realtime_end":"2011-08-25","date":"2011-04-01","value":"15003.8"},{"realtime_start":"2011-10-27","realtime_end":"2011-11-21","date":"2011-07-01","value":"15198.6"},{"realtime_start":"2012-01-27","realtime_end":"2012-02-28","date":"2011-10-01","value":"15294.3"},{"realtime_start":"2012-04-27","realtime_end":"2012-05-30","date":"2012-01-01","value":"15461.8"},{"realtime_start":"2012-07-27","realtime_end":"2012-08-28","date":"2012-04-01","value":"15595.9"},{"realtime_start":"2012-10-26","realtime_end":"2012-11-28","date":"2012-07-01","value":"15775.7"},{"realtime_start":"2013-01-30","realtime_end":"2013-02-27","date":"2012-10-01","value":"15829.0"},{"realtime_start":"2013-04-26","realtime_end":"2013-05-29","date":"2013-01-01","value":"16010.2"},{"realtime_start":"2013-07-31","realtime_end":"2013-08-28","date":"2013-04-01","value":"16633.4"},{"realtime_start":"2013-11-07","realtime_end":"2013-12-04","date":"2013-07-01","value":"16857.6"},{"realtime_start":"2014-01-30","realtime_end":"2014-02-27","date":"2013-10-01","value":"17102.5"},{"realtime_start":"2014-04-30","realtime_end":"2014-05-28","date":"2014-01-01","value":"17149.6"},{"realtime_start":"2014-07-30","realtime_end":"2014-08-27","date":"2014-04-01","value":"17294.7"},{"realtime_start":"2014-10-30","realtime_end":"2014-11-24","date":"2014-07-01","value":"17535.4"},{"realtime_start":"2015-01-30","realtime_end":"2015-02-26","date":"2014-10-01","value":"17710.7"},{"realtime_start":"2015-04-29","realtime_end":"2015-05-28","date":"2015-01-01","value":"17710.0"},{"realtime_start":"2015-07-30","realtime_end":"2015-08-26","date":"2015-04-01","value":"17840.5"},{"realtime_start":"2015-10-29","realtime_end":"2015-11-23","date":"2015-07-01","value":"18034.8"},{"realtime_start":"2016-01-29","realtime_end":"2016-02-25","date":"2015-10-01","value":"18128.2"},{"realtime_start":"2016-04-28","realtime_end":"2016-05-26","date":"2016-01-01","value":"18221.1"},{"realtime_start":"2016-07-29","realtime_end":"2016-08-25","date":"2016-04-01","value":"18437.6"},{"realtime_start":"2016-10-28","realtime_end":"2016-11-28","date":"2016-07-01","value":"18651.2"},{"realtime_start":"2017-01-27","realtime_end":"2017-02-27","date":"2016-10-01","value":"18860.8"},{"realtime_start":"2017-04-28","realtime_end":"2017-05-25","date":"2017-01-01","value":"19007.3"},{"realtime_start":"2017-07-28","realtime_end":"2017-08-29","date":"2017-04-01","value":"19226.7"},{"realtime_start":"2017-10-27","realtime_end":"2017-11-28","date":"2017-07-01","value":"19495.476"},{"realtime_start":"2018-01-26","realtime_end":"2018-02-27","date":"2017-10-01","value":"19738.887"},{"realtime_start":"2018-04-27","realtime_end":"2018-05-29","date":"2018-01-01","value":"19965.326"},{"realtime_start":"2018-07-27","realtime_end":"2018-08-28","date":"2018-04-01","value":"20402.502"},{"realtime_start":"2018-10-26","realtime_end":"2018-11-27","date":"2018-07-01","value":"20659.029"},{"realtime_start":"2019-02-28","realtime_end":"2019-03-27","date":"2018-10-01","value":"20891.367"},{"realtime_start":"2019-04-26","realtime_end":"2019-05-29","date":"2019-01-01","value":"21062.691"},{"realtime_start":"2019-07-26","realtime_end":"2019-08-28","date":"2019-04-01","value":"21337.898"},{"realtime_start":"2019-10-30","realtime_end":"2019-11-26","date":"2019-07-01","value":"21525.819"},{"realtime_start":"2020-01-30","realtime_end":"2020-02-26","date":"2019-10-01","value":"21734.266"},{"realtime_start":"2020-04-29","realtime_end":"2020-05-27","date":"2020-01-01","value":"21537.94"},{"realtime_start":"2020-07-30","realtime_end":"2020-08-26","date":"2020-04-01","value":"19408.759"},{"realtime_start":"2020-10-29","realtime_end":"2020-11-24","date":"2020-07-01","value":"21157.635"},{"realtime_start":"2021-01-28","realtime_end":"2021-02-24","date":"2020-10-01","value":"21479.529"},{"realtime_start":"2021-04-29","realtime_end":"2021-05-26","date":"2021-01-01","value":"22048.894"},{"realtime_start":"2021-07-29","realtime_end":"2021-08-25","date":"2021-04-01","value":"22722.581"},{"realtime_start":"2021-10-28","realtime_end":"2021-11-23","date":"2021-07-01","value":"23173.496"},{"realtime_start":"2022-01-27","realtime_end":"2022-02-23","date":"2021-10-01","value":"23992.355"},{"realtime_start":"2022-04-28","realtime_end":"2022-05-25","date":"2022-01-01","value":"24382.683"},{"realtime_start":"2022-07-28","realtime_end":"2022-08-24","date":"2022-04-01","value":"24851.809"},{"realtime_start":"2022-10-27","realtime_end":"2022-11-29","date":"2022-07-01","value":"25663.289"},{"realtime_start":"2023-01-26","realtime_end":"2023-02-22","date":"2022-10-01","value":"26132.458"},{"realtime_start":"2023-04-27","realtime_end":"2023-05-24","date":"2023-01-01","value":"26465.865"},{"realtime_start":"2023-07-27","realtime_end":"2023-08-29","date":"2023-04-01","value":"26834.953"}]}



        '
    headers:
      Accept-Ranges:
      - bytes
      Connection:
      - keep-alive
      Content-Encoding:
      - gzip
      Content-Length:
      - '3307'
      Content-Type:
      - application/json; charset=UTF-8
      Date:
      - Sat, 02 Sep 2023 19:58:01 GMT
      Expires:
      - Sat, 02 Sep 2023 19:59:01 GMT
      Last-Modified:
      - Wed, 30 Aug 2023 12:53:03 GMT
      Vary:
      - Accept-Encoding
      x-rate-limit-limit:
      - '120'
      x-rate-limit-remaining:
      - '119'
    status:
      code: 200
      message: OK
- request:
    body: null
    headers:
      Accept:
      - '*/*'
      Accept-Encoding:
      - gzip, deflate
      Connection:
      - keep-alive
      User-Agent:
      - python-requests/2.31.0
    method: GET
    uri: https://api.stlouisfed.org/fred/series/observations?file_type=json&output_type=4&realtime_start=1776-07-04&series_id=GDP
  response:
    body:
      string: '{"realtime_start":"1776-07-04","realtime_end":"9999-12-31","observation_start":"1600-01-01","observation_end":"9999-12-31","units":"lin","output_type":4,"file_type":"json","order_by":"observation_date","sort_order":"asc","count":127,"offset":0,"limit":100000,"observations":[{"realtime_start":"1992-01-29","realtime_end":"1992-02-27","date":"1991-10-01","value":"5736.6"},{"realtime_start":"1992-04-28","realtime_end":"1992-05-28","date":"1992-01-01","value":"5809.3"},{"realtime_start":"1992-07-30","realtime_end":"1992-08-26","date":"1992-04-01","value":"5893.6"},{"realtime_start":"1992-10-27","realtime_end":"1992-11-24","date":"1992-07-01","value":"5967.1"},{"realtime_start":"1993-01-28","realtime_end":"1993-02-25","date":"1992-10-01","value":"6061.9"},{"realtime_start":"1993-04-29","realtime_end":"1993-05-27","date":"1993-01-01","value":"6158.8"},{"realtime_start":"1993-07-29","realtime_end":"1993-08-30","date":"1993-04-01","value":"6206.9"},{"realtime_start":"1993-10-28","realtime_end":"1993-11-30","date":"1993-07-01","value":"6396.3"},{"realtime_start":"1994-01-28","realtime_end":"1994-02-28","date":"1993-10-01","value":"6510.8"},{"realtime_start":"1994-04-28","realtime_end":"1994-05-26","date":"1994-01-01","value":"6609.4"},{"realtime_start":"1994-07-29","realtime_end":"1994-08-25","date":"1994-04-01","value":"6683.6"},{"realtime_start":"1994-10-28","realtime_end":"1994-11-29","date":"1994-07-01","value":"6775.9"},{"realtime_start":"1995-01-27","realtime_end":"1995-02-28","date":"1994-10-01","value":"6891.1"},{"realtime_start":"1995-04-28","realtime_end":"1995-05-30","date":"1995-01-01","value":"6982.9"},{"realtime_start":"1995-07-28","realtime_end":"1995-08-29","date":"1995-04-01","value":"7011.8"},{"realtime_start":"1995-10-27","realtime_end":"1996-01-18","date":"1995-07-01","value":"7113.2"},{"realtime_start":"1996-02-23","realtime_end":"1996-04-01","date":"1995-10-01","value":"7348.1"},{"realtime_start":"1996-05-02","realtime_end":"1996-05-29","date":"1996-01-01","value":"7430.7"},{"realtime_start":"1996-08-01","realtime_end":"1996-08-28","date":"1996-04-01","value":"7538.1"},{"realtime_start":"1996-10-30","realtime_end":"1996-11-26","date":"1996-07-01","value":"7616"},{"realtime_start":"1997-01-31","realtime_end":"1997-02-27","date":"1996-10-01","value":"7731.7"},{"realtime_start":"1997-04-30","realtime_end":"1997-05-29","date":"1997-01-01","value":"7866.0"},{"realtime_start":"1997-07-31","realtime_end":"1997-08-27","date":"1997-04-01","value":"8004.8"},{"realtime_start":"1997-10-31","realtime_end":"1997-11-25","date":"1997-07-01","value":"8131.7"},{"realtime_start":"1998-01-30","realtime_end":"1998-02-26","date":"1997-10-01","value":"8241.5"},{"realtime_start":"1998-04-30","realtime_end":"1998-05-27","date":"1998-01-01","value":"8332.2"},{"realtime_start":"1998-07-31","realtime_end":"1998-08-26","date":"1998-04-01","value":"8431.7"},{"realtime_start":"1998-10-30","realtime_end":"1998-11-23","date":"1998-07-01","value":"8526.5"},{"realtime_start":"1999-01-29","realtime_end":"1999-02-25","date":"1998-10-01","value":"8672.8"},{"realtime_start":"1999-04-30","realtime_end":"1999-05-26","date":"1999-01-01","value":"8807.9"},{"realtime_start":"1999-07-29","realtime_end":"1999-08-25","date":"1999-04-01","value":"8893.3"},{"realtime_start":"1999-10-28","realtime_end":"1999-11-23","date":"1999-07-01","value":"9276.3"},{"realtime_start":"2000-01-28","realtime_end":"2000-02-24","date":"1999-10-01","value":"9477.1"},{"realtime_start":"2000-04-27","realtime_end":"2000-05-24","date":"2000-01-01","value":"9697.2"},{"realtime_start":"2000-07-28","realtime_end":"2000-08-24","date":"2000-04-01","value":"9937.3"},{"realtime_start":"2000-10-27","realtime_end":"2000-11-28","date":"2000-07-01","value":"10063.3"},{"realtime_start":"2001-01-31","realtime_end":"2001-02-27","date":"2000-10-01","value":"10125.0"},{"realtime_start":"2001-04-27","realtime_end":"2001-05-24","date":"2001-01-01","value":"10243.6"},{"realtime_start":"2001-07-27","realtime_end":"2001-08-28","date":"2001-04-01","value":"10217.6"},{"realtime_start":"2001-10-31","realtime_end":"2001-11-29","date":"2001-07-01","value":"10247.7"},{"realtime_start":"2002-01-30","realtime_end":"2002-02-27","date":"2001-10-01","value":"10221.6"},{"realtime_start":"2002-04-26","realtime_end":"2002-05-23","date":"2002-01-01","value":"10431.3"},{"realtime_start":"2002-07-31","realtime_end":"2002-08-28","date":"2002-04-01","value":"10369.9"},{"realtime_start":"2002-10-31","realtime_end":"2002-11-25","date":"2002-07-01","value":"10486.1"},{"realtime_start":"2003-01-30","realtime_end":"2003-02-27","date":"2002-10-01","value":"10572.3"},{"realtime_start":"2003-04-25","realtime_end":"2003-05-28","date":"2003-01-01","value":"10697.6"},{"realtime_start":"2003-07-31","realtime_end":"2003-08-27","date":"2003-04-01","value":"10777.3"},{"realtime_start":"2003-10-30","realtime_end":"2003-11-24","date":"2003-07-01","value":"11038.4"},{"realtime_start":"2004-01-30","realtime_end":"2004-02-26","date":"2003-10-01","value":"11246.3"},{"realtime_start":"2004-04-29","realtime_end":"2004-05-26","date":"2004-01-01","value":"11447.8"},{"realtime_start":"2004-07-30","realtime_end":"2004-08-26","date":"2004-04-01","value":"11649.3"},{"realtime_start":"2004-10-29","realtime_end":"2004-11-29","date":"2004-07-01","value":"11803.5"},{"realtime_start":"2005-01-28","realtime_end":"2005-02-24","date":"2004-10-01","value":"11967.0"},{"realtime_start":"2005-04-28","realtime_end":"2005-05-25","date":"2005-01-01","value":"12182.7"},{"realtime_start":"2005-07-29","realtime_end":"2005-08-30","date":"2005-04-01","value":"12376.2"},{"realtime_start":"2005-10-28","realtime_end":"2005-11-29","date":"2005-07-01","value":"12589.6"},{"realtime_start":"2006-01-27","realtime_end":"2006-02-27","date":"2005-10-01","value":"12735.3"},{"realtime_start":"2006-04-28","realtime_end":"2006-05-24","date":"2006-01-01","value":"13020.9"},{"realtime_start":"2006-07-28","realtime_end":"2006-08-29","date":"2006-04-01","value":"13193.9"},{"realtime_start":"2006-10-27","realtime_end":"2006-11-28","date":"2006-07-01","value":"13308.3"},{"realtime_start":"2007-01-31","realtime_end":"2007-02-27","date":"2006-10-01","value":"13487.2"},{"realtime_start":"2007-04-27","realtime_end":"2007-05-30","date":"2007-01-01","value":"13632.6"},{"realtime_start":"2007-07-27","realtime_end":"2007-08-29","date":"2007-04-01","value":"13755.9"},{"realtime_start":"2007-10-31","realtime_end":"2007-11-28","date":"2007-07-01","value":"13926.7"},{"realtime_start":"2008-01-30","realtime_end":"2008-02-27","date":"2007-10-01","value":"14080.8"},{"realtime_start":"2008-04-30","realtime_end":"2008-05-28","date":"2008-01-01","value":"14185.2"},{"realtime_start":"2008-07-31","realtime_end":"2008-08-27","date":"2008-04-01","value":"14256.5"},{"realtime_start":"2008-10-30","realtime_end":"2008-11-24","date":"2008-07-01","value":"14429.2"},{"realtime_start":"2009-01-30","realtime_end":"2009-02-26","date":"2008-10-01","value":"14264.6"},{"realtime_start":"2009-04-29","realtime_end":"2009-05-28","date":"2009-01-01","value":"14075.5"},{"realtime_start":"2009-07-31","realtime_end":"2009-08-26","date":"2009-04-01","value":"14149.8"},{"realtime_start":"2009-10-29","realtime_end":"2009-11-23","date":"2009-07-01","value":"14301.5"},{"realtime_start":"2010-01-29","realtime_end":"2010-02-25","date":"2009-10-01","value":"14463.4"},{"realtime_start":"2010-04-30","realtime_end":"2010-06-24","date":"2010-01-01","value":"14601.4"},{"realtime_start":"2010-07-30","realtime_end":"2010-08-26","date":"2010-04-01","value":"14597.7"},{"realtime_start":"2010-10-29","realtime_end":"2010-11-22","date":"2010-07-01","value":"14730.2"},{"realtime_start":"2011-01-28","realtime_end":"2011-02-24","date":"2010-10-01","value":"14870.4"},{"realtime_start":"2011-04-28","realtime_end":"2011-05-25","date":"2011-01-01","value":"15006.4"},{"realtime_start":"2011-07-29","realtime_end":"2011-08-25","date":"2011-04-01","value":"15003.8"},{"realtime_start":"2011-10-27","realtime_end":"2011-11-21","date":"2011-07-01","value":"15198.6"},{"realtime_start":"2012-01-27","realtime_end":"2012-02-28","date":"2011-10-01","value":"15294.3"},{"realtime_start":"2012-04-27","realtime_end":"2012-05-30","date":"2012-01-01","value":"15461.8"},{"realtime_start":"2012-07-27","realtime_end":"2012-08-28","date":"2012-04-01","value":"15595.9"},{"realtime_start":"2012-10-26","realtime_end":"2012-11-28","date":"2012-07-01","value":"15775.7"},{"realtime_start":"2013-01-30","realtime_end":"2013-02-27","date":"2012-10-01","value":"15829.0"},{"realtime_start":"2013-04-26","realtime_end":"2013-05-29","date":"2013-01-01","value":"16010.2"},{"realtime_start":"2013-07-31","realtime_end":"2013-08-28","date":"2013-04-01","value":"16633.4"},{"realtime_start":"2013-11-07","realtime_end":"2013-12-04","date":"2013-07-01","value":"16857.6"},{"realtime_start":"2014-01-30","realtime_end":"2014-02-27","date":"2013-10-01","value":"17102.5"},{"realtime_start":"2014-04-30","realtime_end":"2014-05-28","date":"2014-01-01","value":"17149.6"},{"realtime_start":"2014-07-30","realtime_end":"2014-08-27","date":"2014-04-01","value":"17294.7"},{"realtime_start":"2014-10-30","realtime_end":"2014-11-24","date":"2014-07-01","value":"17535.4"},{"realtime_start":"2015-01-30","realtime_end":"2015-02-26","date":"2014-10-01","value":"17710.7"},{"realtime_start":"2015-04-29","realtime_end":"2015-05-28","date":"2015-01-01","value":"17710.0"},{"realtime_start":"2015-07-30","realtime_end":"2015-08-26","date":"2015-04-01","value":"17840.5"},{"realtime_start":"2015-10-29","realtime_end":"2015-11-23","date":"2015-07-01","value":"18034.8"},{"realtime_start":"2016-01-29","realtime_end":"2016-02-25","date":"2015-10-01","value":"18128.2"},{"realtime_start":"2016-04-28","realtime_end":"2016-05-26","date":"2016-01-01","value":"18221.1"},{"realtime_start":"2016-07-29","realtime_end":"2016-08-25","date":"2016-04-01","value":"18437.6"},{"realtime_start":"2016-10-28","realtime_end":"2016-11-28","date":"2016-07-01","value":"18651.2"},{"realtime_start":"2017-01-27","realtime_end":"2017-02-27","date":"2016-10-01","value":"18860.8"},{"realtime_start":"2017-04-28","realtime_end":"2017-05-25","date":"2017-01-01","value":"19007.3"},{"realtime_start":"2017-07-28","realtime_end":"2017-08-29","date":"2017-04-01","value":"19226.7"},{"realtime_start":"2017-10-27","realtime_end":"2017-11-28","date":"2017-07-01","value":"19495.476"},{"realtime_start":"2018-01-26","realtime_end":"2018-02-27","date":"2017-10-01","value":"19738.887"},{"realtime_start":"2018-04-27","realtime_end":"2018-05-29","date":"2018-01-01","value":"19965.326"},{"realtime_start":"2018-07-27","realtime_end":"2018-08-28","date":"2018-04-01","value":"20402.502"},{"realtime_start":"2018-10-26","realtime_end":"2018-11-27","date":"2018-07-01","value":"20659.029"},{"realtime_start":"2019-02-28","realtime_end":"2019-03-27","date":"2018-10-01","value":"20891.367"},{"realtime_start":"2019-04-26","realtime_end":"2019-05-29","date":"2019-01-01","value":"21062.691"},{"realtime_start":"2019-07-26","realtime_end":"2019-08-28","date":"2019-04-01","value":"21337.898"},{"realtime_start":"2019-10-30","realtime_end":"2019-11-26","date":"2019-07-01","value":"21525.819"},{"realtime_start":"2020-01-30","realtime_end":"2020-02-26","date":"2019-10-01","value":"21734.266"},{"realtime_start":"2020-04-29","realtime_end":"2020-05-27","date":"2020-01-01","value":"21537.94"},{"realtime_start":"2020-07-30","realtime_end":"2020-08-26","date":"2020-04-01","value":"19408.759"},{"realtime_start":"2020-10-29","realtime_end":"2020-11-24","date":"2020-07-01","value":"21157.635"},{"realtime_start":"2021-01-28","realtime_end":"2021-02-24","date":"2020-10-01","value":"21479.529"},{"realtime_start":"2021-04-29","realtime_end":"2021-05-26","date":"2021-01-01","value":"22048.894"},{"realtime_start":"2021-07-29","realtime_end":"2021-08-25","date":"2021-04-01","value":"22722.581"},{"realtime_start":"2021-10-28","realtime_end":"2021-11-23","date":"2021-07-01","value":"23173.496"},{"realtime_start":"2022-01-27","realtime_end":"2022-02-23","date":"2021-10-01","value":"23992.355"},{"realtime_start":"2022-04-28","realtime_end":"2022-05-25","date":"2022-01-01","value":"24382.683"},{"realtime_start":"2022-07-28","realtime_end":"2022-08-24","date":"2022-04-01","value":"24851.809"},{"realtime_start":"2022-10-27","realtime_end":"2022-11-29","date":"2022-07-01","value":"25663.289"},{"realtime_start":"2023-01-26","realtime_end":"2023-02-22","date":"2022-10-01","value":"26132.458"},{"realtime_start":"2023-04-27","realtime_end":"2023-05-24","date":"2023-01-01","value":"26465.865"},{"realtime_start":"2023-07-27","realtime_end":"2023-08-29","date":"2023-04-01","value":"26834.953"}]}



        '
    headers:
      Accept-Ranges:
      - bytes
      Connection:
      - keep-alive
      Content-Encoding:
      - gzip
      Content-Length:
      - '3307'
      Content-Type:
      - application/json; charset=UTF-8
      Date:
      - Sun, 03 Sep 2023 01:30:16 GMT
      Expires:
      - Sun, 03 Sep 2023 01:31:16 GMT
      Last-Modified:
      - Wed, 30 Aug 2023 12:53:03 GMT
      Vary:
      - Accept-Encoding
      x-rate-limit-limit:
      - '120'
      x-rate-limit-remaining:
      - '94'
    status:
      code: 200
      message: OK
- request:
    body: null
    headers:
      Accept:
      - '*/*'
      Accept-Encoding:
      - gzip, deflate
      Connection:
      - keep-alive
      User-Agent:
      - python-requests/2.31.0
    method: GET
    uri: https://api.stlouisfed.org/fred/series/observations?file_type=json&output_type=4&realtime_start=1776-07-04&series_id=GDP
  response:
    body:
      string: '{"realtime_start":"1776-07-04","realtime_end":"9999-12-31","observation_start":"1600-01-01","observation_end":"9999-12-31","units":"lin","output_type":4,"file_type":"json","order_by":"observation_date","sort_order":"asc","count":127,"offset":0,"limit":100000,"observations":[{"realtime_start":"1992-01-29","realtime_end":"1992-02-27","date":"1991-10-01","value":"5736.6"},{"realtime_start":"1992-04-28","realtime_end":"1992-05-28","date":"1992-01-01","value":"5809.3"},{"realtime_start":"1992-07-30","realtime_end":"1992-08-26","date":"1992-04-01","value":"5893.6"},{"realtime_start":"1992-10-27","realtime_end":"1992-11-24","date":"1992-07-01","value":"5967.1"},{"realtime_start":"1993-01-28","realtime_end":"1993-02-25","date":"1992-10-01","value":"6061.9"},{"realtime_start":"1993-04-29","realtime_end":"1993-05-27","date":"1993-01-01","value":"6158.8"},{"realtime_start":"1993-07-29","realtime_end":"1993-08-30","date":"1993-04-01","value":"6206.9"},{"realtime_start":"1993-10-28","realtime_end":"1993-11-30","date":"1993-07-01","value":"6396.3"},{"realtime_start":"1994-01-28","realtime_end":"1994-02-28","date":"1993-10-01","value":"6510.8"},{"realtime_start":"1994-04-28","realtime_end":"1994-05-26","date":"1994-01-01","value":"6609.4"},{"realtime_start":"1994-07-29","realtime_end":"1994-08-25","date":"1994-04-01","value":"6683.6"},{"realtime_start":"1994-10-28","realtime_end":"1994-11-29","date":"1994-07-01","value":"6775.9"},{"realtime_start":"1995-01-27","realtime_end":"1995-02-28","date":"1994-10-01","value":"6891.1"},{"realtime_start":"1995-04-28","realtime_end":"1995-05-30","date":"1995-01-01","value":"6982.9"},{"realtime_start":"1995-07-28","realtime_end":"1995-08-29","date":"1995-04-01","value":"7011.8"},{"realtime_start":"1995-10-27","realtime_end":"1996-01-18","date":"1995-07-01","value":"7113.2"},{"realtime_start":"1996-02-23","realtime_end":"1996-04-01","date":"1995-10-01","value":"7348.1"},{"realtime_start":"1996-05-02","realtime_end":"1996-05-29","date":"1996-01-01","value":"7430.7"},{"realtime_start":"1996-08-01","realtime_end":"1996-08-28","date":"1996-04-01","value":"7538.1"},{"realtime_start":"1996-10-30","realtime_end":"1996-11-26","date":"1996-07-01","value":"7616"},{"realtime_start":"1997-01-31","realtime_end":"1997-02-27","date":"1996-10-01","value":"7731.7"},{"realtime_start":"1997-04-30","realtime_end":"1997-05-29","date":"1997-01-01","value":"7866.0"},{"realtime_start":"1997-07-31","realtime_end":"1997-08-27","date":"1997-04-01","value":"8004.8"},{"realtime_start":"1997-10-31","realtime_end":"1997-11-25","date":"1997-07-01","value":"8131.7"},{"realtime_start":"1998-01-30","realtime_end":"1998-02-26","date":"1997-10-01","value":"8241.5"},{"realtime_start":"1998-04-30","realtime_end":"1998-05-27","date":"1998-01-01","value":"8332.2"},{"realtime_start":"1998-07-31","realtime_end":"1998-08-26","date":"1998-04-01","value":"8431.7"},{"realtime_start":"1998-10-30","realtime_end":"1998-11-23","date":"1998-07-01","value":"8526.5"},{"realtime_start":"1999-01-29","realtime_end":"1999-02-25","date":"1998-10-01","value":"8672.8"},{"realtime_start":"1999-04-30","realtime_end":"1999-05-26","date":"1999-01-01","value":"8807.9"},{"realtime_start":"1999-07-29","realtime_end":"1999-08-25","date":"1999-04-01","value":"8893.3"},{"realtime_start":"1999-10-28","realtime_end":"1999-11-23","date":"1999-07-01","value":"9276.3"},{"realtime_start":"2000-01-28","realtime_end":"2000-02-24","date":"1999-10-01","value":"9477.1"},{"realtime_start":"2000-04-27","realtime_end":"2000-05-24","date":"2000-01-01","value":"9697.2"},{"realtime_start":"2000-07-28","realtime_end":"2000-08-24","date":"2000-04-01","value":"9937.3"},{"realtime_start":"2000-10-27","realtime_end":"2000-11-28","date":"2000-07-01","value":"10063.3"},{"realtime_start":"2001-01-31","realtime_end":"2001-02-27","date":"2000-10-01","value":"10125.0"},{"realtime_start":"2001-04-27","realtime_end":"2001-05-24","date":"2001-01-01","value":"10243.6"},{"realtime_start":"2001-07-27","realtime_end":"2001-08-28","date":"2001-04-01","value":"10217.6"},{"realtime_start":"2001-10-31","realtime_end":"2001-11-29","date":"2001-07-01","value":"10247.7"},{"realtime_start":"2002-01-30","realtime_end":"2002-02-27","date":"2001-10-01","value":"10221.6"},{"realtime_start":"2002-04-26","realtime_end":"2002-05-23","date":"2002-01-01","value":"10431.3"},{"realtime_start":"2002-07-31","realtime_end":"2002-08-28","date":"2002-04-01","value":"10369.9"},{"realtime_start":"2002-10-31","realtime_end":"2002-11-25","date":"2002-07-01","value":"10486.1"},{"realtime_start":"2003-01-30","realtime_end":"2003-02-27","date":"2002-10-01","value":"10572.3"},{"realtime_start":"2003-04-25","realtime_end":"2003-05-28","date":"2003-01-01","value":"10697.6"},{"realtime_start":"2003-07-31","realtime_end":"2003-08-27","date":"2003-04-01","value":"10777.3"},{"realtime_start":"2003-10-30","realtime_end":"2003-11-24","date":"2003-07-01","value":"11038.4"},{"realtime_start":"2004-01-30","realtime_end":"2004-02-26","date":"2003-10-01","value":"11246.3"},{"realtime_start":"2004-04-29","realtime_end":"2004-05-26","date":"2004-01-01","value":"11447.8"},{"realtime_start":"2004-07-30","realtime_end":"2004-08-26","date":"2004-04-01","value":"11649.3"},{"realtime_start":"2004-10-29","realtime_end":"2004-11-29","date":"2004-07-01","value":"11803.5"},{"realtime_start":"2005-01-28","realtime_end":"2005-02-24","date":"2004-10-01","value":"11967.0"},{"realtime_start":"2005-04-28","realtime_end":"2005-05-25","date":"2005-01-01","value":"12182.7"},{"realtime_start":"2005-07-29","realtime_end":"2005-08-30","date":"2005-04-01","value":"12376.2"},{"realtime_start":"2005-10-28","realtime_end":"2005-11-29","date":"2005-07-01","value":"12589.6"},{"realtime_start":"2006-01-27","realtime_end":"2006-02-27","date":"2005-10-01","value":"12735.3"},{"realtime_start":"2006-04-28","realtime_end":"2006-05-24","date":"2006-01-01","value":"13020.9"},{"realtime_start":"2006-07-28","realtime_end":"2006-08-29","date":"2006-04-01","value":"13193.9"},{"realtime_start":"2006-10-27","realtime_end":"2006-11-28","date":"2006-07-01","value":"13308.3"},{"realtime_start":"2007-01-31","realtime_end":"2007-02-27","date":"2006-10-01","value":"13487.2"},{"realtime_start":"2007-04-27","realtime_end":"2007-05-30","date":"2007-01-01","value":"13632.6"},{"realtime_start":"2007-07-27","realtime_end":"2007-08-29","date":"2007-04-01","value":"13755.9"},{"realtime_start":"2007-10-31","realtime_end":"2007-11-28","date":"2007-07-01","value":"13926.7"},{"realtime_start":"2008-01-30","realtime_end":"2008-02-27","date":"2007-10-01","value":"14080.8"},{"realtime_start":"2008-04-30","realtime_end":"2008-05-28","date":"2008-01-01","value":"14185.2"},{"realtime_start":"2008-07-31","realtime_end":"2008-08-27","date":"2008-04-01","value":"14256.5"},{"realtime_start":"2008-10-30","realtime_end":"2008-11-24","date":"2008-07-01","value":"14429.2"},{"realtime_start":"2009-01-30","realtime_end":"2009-02-26","date":"2008-10-01","value":"14264.6"},{"realtime_start":"2009-04-29","realtime_end":"2009-05-28","date":"2009-01-01","value":"14075.5"},{"realtime_start":"2009-07-31","realtime_end":"2009-08-26","date":"2009-04-01","value":"14149.8"},{"realtime_start":"2009-10-29","realtime_end":"2009-11-23","date":"2009-07-01","value":"14301.5"},{"realtime_start":"2010-01-29","realtime_end":"2010-02-25","date":"2009-10-01","value":"14463.4"},{"realtime_start":"2010-04-30","realtime_end":"2010-06-24","date":"2010-01-01","value":"14601.4"},{"realtime_start":"2010-07-30","realtime_end":"2010-08-26","date":"2010-04-01","value":"14597.7"},{"realtime_start":"2010-10-29","realtime_end":"2010-11-22","date":"2010-07-01","value":"14730.2"},{"realtime_start":"2011-01-28","realtime_end":"2011-02-24","date":"2010-10-01","value":"14870.4"},{"realtime_start":"2011-04-28","realtime_end":"2011-05-25","date":"2011-01-01","value":"15006.4"},{"realtime_start":"2011-07-29","realtime_end":"2011-08-25","date":"2011-04-01","value":"15003.8"},{"realtime_start":"2011-10-27","realtime_end":"2011-11-21","date":"2011-07-01","value":"15198.6"},{"realtime_start":"2012-01-27","realtime_end":"2012-02-28","date":"2011-10-01","value":"15294.3"},{"realtime_start":"2012-04-27","realtime_end":"2012-05-30","date":"2012-01-01","value":"15461.8"},{"realtime_start":"2012-07-27","realtime_end":"2012-08-28","date":"2012-04-01","value":"15595.9"},{"realtime_start":"2012-10-26","realtime_end":"2012-11-28","date":"2012-07-01","value":"15775.7"},{"realtime_start":"2013-01-30","realtime_end":"2013-02-27","date":"2012-10-01","value":"15829.0"},{"realtime_start":"2013-04-26","realtime_end":"2013-05-29","date":"2013-01-01","value":"16010.2"},{"realtime_start":"2013-07-31","realtime_end":"2013-08-28","date":"2013-04-01","value":"16633.4"},{"realtime_start":"2013-11-07","realtime_end":"2013-12-04","date":"2013-07-01","value":"16857.6"},{"realtime_start":"2014-01-30","realtime_end":"2014-02-27","date":"2013-10-01","value":"17102.5"},{"realtime_start":"2014-04-30","realtime_end":"2014-05-28","date":"2014-01-01","value":"17149.6"},{"realtime_start":"2014-07-30","realtime_end":"2014-08-27","date":"2014-04-01","value":"17294.7"},{"realtime_start":"2014-10-30","realtime_end":"2014-11-24","date":"2014-07-01","value":"17535.4"},{"realtime_start":"2015-01-30","realtime_end":"2015-02-26","date":"2014-10-01","value":"17710.7"},{"realtime_start":"2015-04-29","realtime_end":"2015-05-28","date":"2015-01-01","value":"17710.0"},{"realtime_start":"2015-07-30","realtime_end":"2015-08-26","date":"2015-04-01","value":"17840.5"},{"realtime_start":"2015-10-29","realtime_end":"2015-11-23","date":"2015-07-01","value":"18034.8"},{"realtime_start":"2016-01-29","realtime_end":"2016-02-25","date":"2015-10-01","value":"18128.2"},{"realtime_start":"2016-04-28","realtime_end":"2016-05-26","date":"2016-01-01","value":"18221.1"},{"realtime_start":"2016-07-29","realtime_end":"2016-08-25","date":"2016-04-01","value":"18437.6"},{"realtime_start":"2016-10-28","realtime_end":"2016-11-28","date":"2016-07-01","value":"18651.2"},{"realtime_start":"2017-01-27","realtime_end":"2017-02-27","date":"2016-10-01","value":"18860.8"},{"realtime_start":"2017-04-28","realtime_end":"2017-05-25","date":"2017-01-01","value":"19007.3"},{"realtime_start":"2017-07-28","realtime_end":"2017-08-29","date":"2017-04-01","value":"19226.7"},{"realtime_start":"2017-10-27","realtime_end":"2017-11-28","date":"2017-07-01","value":"19495.476"},{"realtime_start":"2018-01-26","realtime_end":"2018-02-27","date":"2017-10-01","value":"19738.887"},{"realtime_start":"2018-04-27","realtime_end":"2018-05-29","date":"2018-01-01","value":"19965.326"},{"realtime_start":"2018-07-27","realtime_end":"2018-08-28","date":"2018-04-01","value":"20402.502"},{"realtime_start":"2018-10-26","realtime_end":"2018-11-27","date":"2018-07-01","value":"20659.029"},{"realtime_start":"2019-02-28","realtime_end":"2019-03-27","date":"2018-10-01","value":"20891.367"},{"realtime_start":"2019-04-26","realtime_end":"2019-05-29","date":"2019-01-01","value":"21062.691"},{"realtime_start":"2019-07-26","realtime_end":"2019-08-28","date":"2019-04-01","value":"21337.898"},{"realtime_start":"2019-10-30","realtime_end":"2019-11-26","date":"2019-07-01","value":"21525.819"},{"realtime_start":"2020-01-30","realtime_end":"2020-02-26","date":"2019-10-01","value":"21734.266"},{"realtime_start":"2020-04-29","realtime_end":"2020-05-27","date":"2020-01-01","value":"21537.94"},{"realtime_start":"2020-07-30","realtime_end":"2020-08-26","date":"2020-04-01","value":"19408.759"},{"realtime_start":"2020-10-29","realtime_end":"2020-11-24","date":"2020-07-01","value":"21157.635"},{"realtime_start":"2021-01-28","realtime_end":"2021-02-24","date":"2020-10-01","value":"21479.529"},{"realtime_start":"2021-04-29","realtime_end":"2021-05-26","date":"2021-01-01","value":"22048.894"},{"realtime_start":"2021-07-29","realtime_end":"2021-08-25","date":"2021-04-01","value":"22722.581"},{"realtime_start":"2021-10-28","realtime_end":"2021-11-23","date":"2021-07-01","value":"23173.496"},{"realtime_start":"2022-01-27","realtime_end":"2022-02-23","date":"2021-10-01","value":"23992.355"},{"realtime_start":"2022-04-28","realtime_end":"2022-05-25","date":"2022-01-01","value":"24382.683"},{"realtime_start":"2022-07-28","realtime_end":"2022-08-24","date":"2022-04-01","value":"24851.809"},{"realtime_start":"2022-10-27","realtime_end":"2022-11-29","date":"2022-07-01","value":"25663.289"},{"realtime_start":"2023-01-26","realtime_end":"2023-02-22","date":"2022-10-01","value":"26132.458"},{"realtime_start":"2023-04-27","realtime_end":"2023-05-24","date":"2023-01-01","value":"26465.865"},{"realtime_start":"2023-07-27","realtime_end":"2023-08-29","date":"2023-04-01","value":"26834.953"}]}



        '
    headers:
      Accept-Ranges:
      - bytes
      Connection:
      - keep-alive
      Content-Encoding:
      - gzip
      Content-Length:
      - '3307'
      Content-Type:
      - application/json; charset=UTF-8
      Date:
      - Sun, 03 Sep 2023 01:54:37 GMT
      Expires:
      - Sun, 03 Sep 2023 01:55:37 GMT
      Last-Modified:
      - Wed, 30 Aug 2023 12:53:03 GMT
      Vary:
      - Accept-Encoding
      x-rate-limit-limit:
      - '120'
      x-rate-limit-remaining:
      - '66'
    status:
      code: 200
      message: OK
- request:
    body: null
    headers:
      Accept:
      - '*/*'
      Accept-Encoding:
      - gzip, deflate, zstd
      Connection:
      - keep-alive
      User-Agent:
      - python-requests/2.32.3
    method: GET
    uri: https://api.stlouisfed.org/fred/series/observations?file_type=json&output_type=4&realtime_start=1776-07-04&series_id=GDP
  response:
    body:
      string: '{"realtime_start":"1776-07-04","realtime_end":"9999-12-31","observation_start":"1600-01-01","observation_end":"9999-12-31","units":"lin","output_type":4,"file_type":"json","order_by":"observation_date","sort_order":"asc","count":132,"offset":0,"limit":100000,"observations":[{"realtime_start":"1992-01-29","realtime_end":"1992-02-27","date":"1991-10-01","value":"5736.6"},{"realtime_start":"1992-04-28","realtime_end":"1992-05-28","date":"1992-01-01","value":"5809.3"},{"realtime_start":"1992-07-30","realtime_end":"1992-08-26","date":"1992-04-01","value":"5893.6"},{"realtime_start":"1992-10-27","realtime_end":"1992-11-24","date":"1992-07-01","value":"5967.1"},{"realtime_start":"1993-01-28","realtime_end":"1993-02-25","date":"1992-10-01","value":"6061.9"},{"realtime_start":"1993-04-29","realtime_end":"1993-05-27","date":"1993-01-01","value":"6158.8"},{"realtime_start":"1993-07-29","realtime_end":"1993-08-30","date":"1993-04-01","value":"6206.9"},{"realtime_start":"1993-10-28","realtime_end":"1993-11-30","date":"1993-07-01","value":"6396.3"},{"realtime_start":"1994-01-28","realtime_end":"1994-02-28","date":"1993-10-01","value":"6510.8"},{"realtime_start":"1994-04-28","realtime_end":"1994-05-26","date":"1994-01-01","value":"6609.4"},{"realtime_start":"1994-07-29","realtime_end":"1994-08-25","date":"1994-04-01","value":"6683.6"},{"realtime_start":"1994-10-28","realtime_end":"1994-11-29","date":"1994-07-01","value":"6775.9"},{"realtime_start":"1995-01-27","realtime_end":"1995-02-28","date":"1994-10-01","value":"6891.1"},{"realtime_start":"1995-04-28","realtime_end":"1995-05-30","date":"1995-01-01","value":"6982.9"},{"realtime_start":"1995-07-28","realtime_end":"1995-08-29","date":"1995-04-01","value":"7011.8"},{"realtime_start":"1995-10-27","realtime_end":"1996-01-18","date":"1995-07-01","value":"7113.2"},{"realtime_start":"1996-02-23","realtime_end":"1996-04-01","date":"1995-10-01","value":"7348.1"},{"realtime_start":"1996-05-02","realtime_end":"1996-05-29","date":"1996-01-01","value":"7430.7"},{"realtime_start":"1996-08-01","realtime_end":"1996-08-28","date":"1996-04-01","value":"7538.1"},{"realtime_start":"1996-10-30","realtime_end":"1996-11-26","date":"1996-07-01","value":"7616"},{"realtime_start":"1997-01-31","realtime_end":"1997-02-27","date":"1996-10-01","value":"7731.7"},{"realtime_start":"1997-04-30","realtime_end":"1997-05-29","date":"1997-01-01","value":"7866.0"},{"realtime_start":"1997-07-31","realtime_end":"1997-08-27","date":"1997-04-01","value":"8004.8"},{"realtime_start":"1997-10-31","realtime_end":"1997-11-25","date":"1997-07-01","value":"8131.7"},{"realtime_start":"1998-01-30","realtime_end":"1998-02-26","date":"1997-10-01","value":"8241.5"},{"realtime_start":"1998-04-30","realtime_end":"1998-05-27","date":"1998-01-01","value":"8332.2"},{"realtime_start":"1998-07-31","realtime_end":"1998-08-26","date":"1998-04-01","value":"8431.7"},{"realtime_start":"1998-10-30","realtime_end":"1998-11-23","date":"1998-07-01","value":"8526.5"},{"realtime_start":"1999-01-29","realtime_end":"1999-02-25","date":"1998-10-01","value":"8672.8"},{"realtime_start":"1999-04-30","realtime_end":"1999-05-26","date":"1999-01-01","value":"8807.9"},{"realtime_start":"1999-07-29","realtime_end":"1999-08-25","date":"1999-04-01","value":"8893.3"},{"realtime_start":"1999-10-28","realtime_end":"1999-11-23","date":"1999-07-01","value":"9276.3"},{"realtime_start":"2000-01-28","realtime_end":"2000-02-24","date":"1999-10-01","value":"9477.1"},{"realtime_start":"2000-04-27","realtime_end":"2000-05-24","date":"2000-01-01","value":"9697.2"},{"realtime_start":"2000-07-28","realtime_end":"2000-08-24","date":"2000-04-01","value":"9937.3"},{"realtime_start":"2000-10-27","realtime_end":"2000-11-28","date":"2000-07-01","value":"10063.3"},{"realtime_start":"2001-01-31","realtime_end":"2001-02-27","date":"2000-10-01","value":"10125.0"},{"realtime_start":"2001-04-27","realtime_end":"2001-05-24","date":"2001-01-01","value":"10243.6"},{"realtime_start":"2001-07-27","realtime_end":"2001-08-28","date":"2001-04-01","value":"10217.6"},{"realtime_start":"2001-10-31","realtime_end":"2001-11-29","date":"2001-07-01","value":"10247.7"},{"realtime_start":"2002-01-30","realtime_end":"2002-02-27","date":"2001-10-01","value":"10221.6"},{"realtime_start":"2002-04-26","realtime_end":"2002-05-23","date":"2002-01-01","value":"10431.3"},{"realtime_start":"2002-07-31","realtime_end":"2002-08-28","date":"2002-04-01","value":"10369.9"},{"realtime_start":"2002-10-31","realtime_end":"2002-11-25","date":"2002-07-01","value":"10486.1"},{"realtime_start":"2003-01-30","realtime_end":"2003-02-27","date":"2002-10-01","value":"10572.3"},{"realtime_start":"2003-04-25","realtime_end":"2003-05-28","date":"2003-01-01","value":"10697.6"},{"realtime_start":"2003-07-31","realtime_end":"2003-08-27","date":"2003-04-01","value":"10777.3"},{"realtime_start":"2003-10-30","realtime_end":"2003-11-24","date":"2003-07-01","value":"11038.4"},{"realtime_start":"2004-01-30","realtime_end":"2004-02-26","date":"2003-10-01","value":"11246.3"},{"realtime_start":"2004-04-29","realtime_end":"2004-05-26","date":"2004-01-01","value":"11447.8"},{"realtime_start":"2004-07-30","realtime_end":"2004-08-26","date":"2004-04-01","value":"11649.3"},{"realtime_start":"2004-10-29","realtime_end":"2004-11-29","date":"2004-07-01","value":"11803.5"},{"realtime_start":"2005-01-28","realtime_end":"2005-02-24","date":"2004-10-01","value":"11967.0"},{"realtime_start":"2005-04-28","realtime_end":"2005-05-25","date":"2005-01-01","value":"12182.7"},{"realtime_start":"2005-07-29","realtime_end":"2005-08-30","date":"2005-04-01","value":"12376.2"},{"realtime_start":"2005-10-28","realtime_end":"2005-11-29","date":"2005-07-01","value":"12589.6"},{"realtime_start":"2006-01-27","realtime_end":"2006-02-27","date":"2005-10-01","value":"12735.3"},{"realtime_start":"2006-04-28","realtime_end":"2006-05-24","date":"2006-01-01","value":"13020.9"},{"realtime_start":"2006-07-28","realtime_end":"2006-08-29","date":"2006-04-01","value":"13193.9"},{"realtime_start":"2006-10-27","realtime_end":"2006-11-28","date":"2006-07-01","value":"13308.3"},{"realtime_start":"2007-01-31","realtime_end":"2007-02-27","date":"2006-10-01","value":"13487.2"},{"realtime_start":"2007-04-27","realtime_end":"2007-05-30","date":"2007-01-01","value":"13632.6"},{"realtime_start":"2007-07-27","realtime_end":"2007-08-29","date":"2007-04-01","value":"13755.9"},{"realtime_start":"2007-10-31","realtime_end":"2007-11-28","date":"2007-07-01","value":"13926.7"},{"realtime_start":"2008-01-30","realtime_end":"2008-02-27","date":"2007-10-01","value":"14080.8"},{"realtime_start":"2008-04-30","realtime_end":"2008-05-28","date":"2008-01-01","value":"14185.2"},{"realtime_start":"2008-07-31","realtime_end":"2008-08-27","date":"2008-04-01","value":"14256.5"},{"realtime_start":"2008-10-30","realtime_end":"2008-11-24","date":"2008-07-01","value":"14429.2"},{"realtime_start":"2009-01-30","realtime_end":"2009-02-26","date":"2008-10-01","value":"14264.6"},{"realtime_start":"2009-04-29","realtime_end":"2009-05-28","date":"2009-01-01","value":"14075.5"},{"realtime_start":"2009-07-31","realtime_end":"2009-08-26","date":"2009-04-01","value":"14149.8"},{"realtime_start":"2009-10-29","realtime_end":"2009-11-23","date":"2009-07-01","value":"14301.5"},{"realtime_start":"2010-01-29","realtime_end":"2010-02-25","date":"2009-10-01","value":"14463.4"},{"realtime_start":"2010-04-30","realtime_end":"2010-06-24","date":"2010-01-01","value":"14601.4"},{"realtime_start":"2010-07-30","realtime_end":"2010-08-26","date":"2010-04-01","value":"14597.7"},{"realtime_start":"2010-10-29","realtime_end":"2010-11-22","date":"2010-07-01","value":"14730.2"},{"realtime_start":"2011-01-28","realtime_end":"2011-02-24","date":"2010-10-01","value":"14870.4"},{"realtime_start":"2011-04-28","realtime_end":"2011-05-25","date":"2011-01-01","value":"15006.4"},{"realtime_start":"2011-07-29","realtime_end":"2011-08-25","date":"2011-04-01","value":"15003.8"},{"realtime_start":"2011-10-27","realtime_end":"2011-11-21","date":"2011-07-01","value":"15198.6"},{"realtime_start":"2012-01-27","realtime_end":"2012-02-28","date":"2011-10-01","value":"15294.3"},{"realtime_start":"2012-04-27","realtime_end":"2012-05-30","date":"2012-01-01","value":"15461.8"},{"realtime_start":"2012-07-27","realtime_end":"2012-08-28","date":"2012-04-01","value":"15595.9"},{"realtime_start":"2012-10-26","realtime_end":"2012-11-28","date":"2012-07-01","value":"15775.7"},{"realtime_start":"2013-01-30","realtime_end":"2013-02-27","date":"2012-10-01","value":"15829.0"},{"realtime_start":"2013-04-26","realtime_end":"2013-05-29","date":"2013-01-01","value":"16010.2"},{"realtime_start":"2013-07-31","realtime_end":"2013-08-28","date":"2013-04-01","value":"16633.4"},{"realtime_start":"2013-11-07","realtime_end":"2013-12-04","date":"2013-07-01","value":"16857.6"},{"realtime_start":"2014-01-30","realtime_end":"2014-02-27","date":"2013-10-01","value":"17102.5"},{"realtime_start":"2014-04-30","realtime_end":"2014-05-28","date":"2014-01-01","value":"17149.6"},{"realtime_start":"2014-07-30","realtime_end":"2014-08-27","date":"2014-04-01","value":"17294.7"},{"realtime_start":"2014-10-30","realtime_end":"2014-11-24","date":"2014-07-01","value":"17535.4"},{"realtime_start":"2015-01-30","realtime_end":"2015-02-26","date":"2014-10-01","value":"17710.7"},{"realtime_start":"2015-04-29","realtime_end":"2015-05-28","date":"2015-01-01","value":"17710.0"},{"realtime_start":"2015-07-30","realtime_end":"2015-08-26","date":"2015-04-01","value":"17840.5"},{"realtime_start":"2015-10-29","realtime_end":"2015-11-23","date":"2015-07-01","value":"18034.8"},{"realtime_start":"2016-01-29","realtime_end":"2016-02-25","date":"2015-10-01","value":"18128.2"},{"realtime_start":"2016-04-28","realtime_end":"2016-05-26","date":"2016-01-01","value":"18221.1"},{"realtime_start":"2016-07-29","realtime_end":"2016-08-25","date":"2016-04-01","value":"18437.6"},{"realtime_start":"2016-10-28","realtime_end":"2016-11-28","date":"2016-07-01","value":"18651.2"},{"realtime_start":"2017-01-27","realtime_end":"2017-02-27","date":"2016-10-01","value":"18860.8"},{"realtime_start":"2017-04-28","realtime_end":"2017-05-25","date":"2017-01-01","value":"19007.3"},{"realtime_start":"2017-07-28","realtime_end":"2017-08-29","date":"2017-04-01","value":"19226.7"},{"realtime_start":"2017-10-27","realtime_end":"2017-11-28","date":"2017-07-01","value":"19495.476"},{"realtime_start":"2018-01-26","realtime_end":"2018-02-27","date":"2017-10-01","value":"19738.887"},{"realtime_start":"2018-04-27","realtime_end":"2018-05-29","date":"2018-01-01","value":"19965.326"},{"realtime_start":"2018-07-27","realtime_end":"2018-08-28","date":"2018-04-01","value":"20402.502"},{"realtime_start":"2018-10-26","realtime_end":"2018-11-27","date":"2018-07-01","value":"20659.029"},{"realtime_start":"2019-02-28","realtime_end":"2019-03-27","date":"2018-10-01","value":"20891.367"},{"realtime_start":"2019-04-26","realtime_end":"2019-05-29","date":"2019-01-01","value":"21062.691"},{"realtime_start":"2019-07-26","realtime_end":"2019-08-28","date":"2019-04-01","value":"21337.898"},{"realtime_start":"2019-10-30","realtime_end":"2019-11-26","date":"2019-07-01","value":"21525.819"},{"realtime_start":"2020-01-30","realtime_end":"2020-02-26","date":"2019-10-01","value":"21734.266"},{"realtime_start":"2020-04-29","realtime_end":"2020-05-27","date":"2020-01-01","value":"21537.94"},{"realtime_start":"2020-07-30","realtime_end":"2020-08-26","date":"2020-04-01","value":"19408.759"},{"realtime_start":"2020-10-29","realtime_end":"2020-11-24","date":"2020-07-01","value":"21157.635"},{"realtime_start":"2021-01-28","realtime_end":"2021-02-24","date":"2020-10-01","value":"21479.529"},{"realtime_start":"2021-04-29","realtime_end":"2021-05-26","date":"2021-01-01","value":"22048.894"},{"realtime_start":"2021-07-29","realtime_end":"2021-08-25","date":"2021-04-01","value":"22722.581"},{"realtime_start":"2021-10-28","realtime_end":"2021-11-23","date":"2021-07-01","value":"23173.496"},{"realtime_start":"2022-01-27","realtime_end":"2022-02-23","date":"2021-10-01","value":"23992.355"},{"realtime_start":"2022-04-28","realtime_end":"2022-05-25","date":"2022-01-01","value":"24382.683"},{"realtime_start":"2022-07-28","realtime_end":"2022-08-24","date":"2022-04-01","value":"24851.809"},{"realtime_start":"2022-10-27","realtime_end":"2022-11-29","date":"2022-07-01","value":"25663.289"},{"realtime_start":"2023-01-26","realtime_end":"2023-02-22","date":"2022-10-01","value":"26132.458"},{"realtime_start":"2023-04-27","realtime_end":"2023-05-24","date":"2023-01-01","value":"26465.865"},{"realtime_start":"2023-07-27","realtime_end":"2023-08-29","date":"2023-04-01","value":"26834.953"},{"realtime_start":"2023-10-26","realtime_end":"2023-11-28","date":"2023-07-01","value":"27623.543"},{"realtime_start":"2024-01-25","realtime_end":"2024-02-27","date":"2023-10-01","value":"27938.831"},{"realtime_start":"2024-04-25","realtime_end":"2024-05-29","date":"2024-01-01","value":"28284.498"},{"realtime_start":"2024-07-25","realtime_end":"2024-08-28","date":"2024-04-01","value":"28629.153"},{"realtime_start":"2024-10-30","realtime_end":"9999-12-31","date":"2024-07-01","value":"29349.924"}]}



        '
    headers:
      Cache-Control:
      - max-age=0, no-cache
      Connection:
      - keep-alive
      Content-Encoding:
      - gzip
      Content-Length:
      - '3433'
      Content-Type:
      - application/json; charset=UTF-8
      Date:
      - Sat, 02 Nov 2024 15:54:45 GMT
      Expires:
      - Sat, 02 Nov 2024 15:54:45 GMT
      Last-Modified:
      - Wed, 30 Oct 2024 12:54:01 GMT
      Pragma:
      - no-cache
      Server:
      - Apache
      Strict-Transport-Security:
      - max-age=86400
      Vary:
      - Accept-Encoding
    status:
      code: 200
      message: OK
- request:
    body: null
    headers:
      Accept:
      - '*/*'
      Accept-Encoding:
      - gzip, deflate, zstd
      Connection:
      - keep-alive
      User-Agent:
      - python-requests/2.32.3
    method: GET
    uri: https://api.stlouisfed.org/fred/series/observations?file_type=json&output_type=4&realtime_start=1776-07-04&series_id=GDP
  response:
    body:
      string: '{"realtime_start":"1776-07-04","realtime_end":"9999-12-31","observation_start":"1600-01-01","observation_end":"9999-12-31","units":"lin","output_type":4,"file_type":"json","order_by":"observation_date","sort_order":"asc","count":132,"offset":0,"limit":100000,"observations":[{"realtime_start":"1992-01-29","realtime_end":"1992-02-27","date":"1991-10-01","value":"5736.6"},{"realtime_start":"1992-04-28","realtime_end":"1992-05-28","date":"1992-01-01","value":"5809.3"},{"realtime_start":"1992-07-30","realtime_end":"1992-08-26","date":"1992-04-01","value":"5893.6"},{"realtime_start":"1992-10-27","realtime_end":"1992-11-24","date":"1992-07-01","value":"5967.1"},{"realtime_start":"1993-01-28","realtime_end":"1993-02-25","date":"1992-10-01","value":"6061.9"},{"realtime_start":"1993-04-29","realtime_end":"1993-05-27","date":"1993-01-01","value":"6158.8"},{"realtime_start":"1993-07-29","realtime_end":"1993-08-30","date":"1993-04-01","value":"6206.9"},{"realtime_start":"1993-10-28","realtime_end":"1993-11-30","date":"1993-07-01","value":"6396.3"},{"realtime_start":"1994-01-28","realtime_end":"1994-02-28","date":"1993-10-01","value":"6510.8"},{"realtime_start":"1994-04-28","realtime_end":"1994-05-26","date":"1994-01-01","value":"6609.4"},{"realtime_start":"1994-07-29","realtime_end":"1994-08-25","date":"1994-04-01","value":"6683.6"},{"realtime_start":"1994-10-28","realtime_end":"1994-11-29","date":"1994-07-01","value":"6775.9"},{"realtime_start":"1995-01-27","realtime_end":"1995-02-28","date":"1994-10-01","value":"6891.1"},{"realtime_start":"1995-04-28","realtime_end":"1995-05-30","date":"1995-01-01","value":"6982.9"},{"realtime_start":"1995-07-28","realtime_end":"1995-08-29","date":"1995-04-01","value":"7011.8"},{"realtime_start":"1995-10-27","realtime_end":"1996-01-18","date":"1995-07-01","value":"7113.2"},{"realtime_start":"1996-02-23","realtime_end":"1996-04-01","date":"1995-10-01","value":"7348.1"},{"realtime_start":"1996-05-02","realtime_end":"1996-05-29","date":"1996-01-01","value":"7430.7"},{"realtime_start":"1996-08-01","realtime_end":"1996-08-28","date":"1996-04-01","value":"7538.1"},{"realtime_start":"1996-10-30","realtime_end":"1996-11-26","date":"1996-07-01","value":"7616"},{"realtime_start":"1997-01-31","realtime_end":"1997-02-27","date":"1996-10-01","value":"7731.7"},{"realtime_start":"1997-04-30","realtime_end":"1997-05-29","date":"1997-01-01","value":"7866.0"},{"realtime_start":"1997-07-31","realtime_end":"1997-08-27","date":"1997-04-01","value":"8004.8"},{"realtime_start":"1997-10-31","realtime_end":"1997-11-25","date":"1997-07-01","value":"8131.7"},{"realtime_start":"1998-01-30","realtime_end":"1998-02-26","date":"1997-10-01","value":"8241.5"},{"realtime_start":"1998-04-30","realtime_end":"1998-05-27","date":"1998-01-01","value":"8332.2"},{"realtime_start":"1998-07-31","realtime_end":"1998-08-26","date":"1998-04-01","value":"8431.7"},{"realtime_start":"1998-10-30","realtime_end":"1998-11-23","date":"1998-07-01","value":"8526.5"},{"realtime_start":"1999-01-29","realtime_end":"1999-02-25","date":"1998-10-01","value":"8672.8"},{"realtime_start":"1999-04-30","realtime_end":"1999-05-26","date":"1999-01-01","value":"8807.9"},{"realtime_start":"1999-07-29","realtime_end":"1999-08-25","date":"1999-04-01","value":"8893.3"},{"realtime_start":"1999-10-28","realtime_end":"1999-11-23","date":"1999-07-01","value":"9276.3"},{"realtime_start":"2000-01-28","realtime_end":"2000-02-24","date":"1999-10-01","value":"9477.1"},{"realtime_start":"2000-04-27","realtime_end":"2000-05-24","date":"2000-01-01","value":"9697.2"},{"realtime_start":"2000-07-28","realtime_end":"2000-08-24","date":"2000-04-01","value":"9937.3"},{"realtime_start":"2000-10-27","realtime_end":"2000-11-28","date":"2000-07-01","value":"10063.3"},{"realtime_start":"2001-01-31","realtime_end":"2001-02-27","date":"2000-10-01","value":"10125.0"},{"realtime_start":"2001-04-27","realtime_end":"2001-05-24","date":"2001-01-01","value":"10243.6"},{"realtime_start":"2001-07-27","realtime_end":"2001-08-28","date":"2001-04-01","value":"10217.6"},{"realtime_start":"2001-10-31","realtime_end":"2001-11-29","date":"2001-07-01","value":"10247.7"},{"realtime_start":"2002-01-30","realtime_end":"2002-02-27","date":"2001-10-01","value":"10221.6"},{"realtime_start":"2002-04-26","realtime_end":"2002-05-23","date":"2002-01-01","value":"10431.3"},{"realtime_start":"2002-07-31","realtime_end":"2002-08-28","date":"2002-04-01","value":"10369.9"},{"realtime_start":"2002-10-31","realtime_end":"2002-11-25","date":"2002-07-01","value":"10486.1"},{"realtime_start":"2003-01-30","realtime_end":"2003-02-27","date":"2002-10-01","value":"10572.3"},{"realtime_start":"2003-04-25","realtime_end":"2003-05-28","date":"2003-01-01","value":"10697.6"},{"realtime_start":"2003-07-31","realtime_end":"2003-08-27","date":"2003-04-01","value":"10777.3"},{"realtime_start":"2003-10-30","realtime_end":"2003-11-24","date":"2003-07-01","value":"11038.4"},{"realtime_start":"2004-01-30","realtime_end":"2004-02-26","date":"2003-10-01","value":"11246.3"},{"realtime_start":"2004-04-29","realtime_end":"2004-05-26","date":"2004-01-01","value":"11447.8"},{"realtime_start":"2004-07-30","realtime_end":"2004-08-26","date":"2004-04-01","value":"11649.3"},{"realtime_start":"2004-10-29","realtime_end":"2004-11-29","date":"2004-07-01","value":"11803.5"},{"realtime_start":"2005-01-28","realtime_end":"2005-02-24","date":"2004-10-01","value":"11967.0"},{"realtime_start":"2005-04-28","realtime_end":"2005-05-25","date":"2005-01-01","value":"12182.7"},{"realtime_start":"2005-07-29","realtime_end":"2005-08-30","date":"2005-04-01","value":"12376.2"},{"realtime_start":"2005-10-28","realtime_end":"2005-11-29","date":"2005-07-01","value":"12589.6"},{"realtime_start":"2006-01-27","realtime_end":"2006-02-27","date":"2005-10-01","value":"12735.3"},{"realtime_start":"2006-04-28","realtime_end":"2006-05-24","date":"2006-01-01","value":"13020.9"},{"realtime_start":"2006-07-28","realtime_end":"2006-08-29","date":"2006-04-01","value":"13193.9"},{"realtime_start":"2006-10-27","realtime_end":"2006-11-28","date":"2006-07-01","value":"13308.3"},{"realtime_start":"2007-01-31","realtime_end":"2007-02-27","date":"2006-10-01","value":"13487.2"},{"realtime_start":"2007-04-27","realtime_end":"2007-05-30","date":"2007-01-01","value":"13632.6"},{"realtime_start":"2007-07-27","realtime_end":"2007-08-29","date":"2007-04-01","value":"13755.9"},{"realtime_start":"2007-10-31","realtime_end":"2007-11-28","date":"2007-07-01","value":"13926.7"},{"realtime_start":"2008-01-30","realtime_end":"2008-02-27","date":"2007-10-01","value":"14080.8"},{"realtime_start":"2008-04-30","realtime_end":"2008-05-28","date":"2008-01-01","value":"14185.2"},{"realtime_start":"2008-07-31","realtime_end":"2008-08-27","date":"2008-04-01","value":"14256.5"},{"realtime_start":"2008-10-30","realtime_end":"2008-11-24","date":"2008-07-01","value":"14429.2"},{"realtime_start":"2009-01-30","realtime_end":"2009-02-26","date":"2008-10-01","value":"14264.6"},{"realtime_start":"2009-04-29","realtime_end":"2009-05-28","date":"2009-01-01","value":"14075.5"},{"realtime_start":"2009-07-31","realtime_end":"2009-08-26","date":"2009-04-01","value":"14149.8"},{"realtime_start":"2009-10-29","realtime_end":"2009-11-23","date":"2009-07-01","value":"14301.5"},{"realtime_start":"2010-01-29","realtime_end":"2010-02-25","date":"2009-10-01","value":"14463.4"},{"realtime_start":"2010-04-30","realtime_end":"2010-06-24","date":"2010-01-01","value":"14601.4"},{"realtime_start":"2010-07-30","realtime_end":"2010-08-26","date":"2010-04-01","value":"14597.7"},{"realtime_start":"2010-10-29","realtime_end":"2010-11-22","date":"2010-07-01","value":"14730.2"},{"realtime_start":"2011-01-28","realtime_end":"2011-02-24","date":"2010-10-01","value":"14870.4"},{"realtime_start":"2011-04-28","realtime_end":"2011-05-25","date":"2011-01-01","value":"15006.4"},{"realtime_start":"2011-07-29","realtime_end":"2011-08-25","date":"2011-04-01","value":"15003.8"},{"realtime_start":"2011-10-27","realtime_end":"2011-11-21","date":"2011-07-01","value":"15198.6"},{"realtime_start":"2012-01-27","realtime_end":"2012-02-28","date":"2011-10-01","value":"15294.3"},{"realtime_start":"2012-04-27","realtime_end":"2012-05-30","date":"2012-01-01","value":"15461.8"},{"realtime_start":"2012-07-27","realtime_end":"2012-08-28","date":"2012-04-01","value":"15595.9"},{"realtime_start":"2012-10-26","realtime_end":"2012-11-28","date":"2012-07-01","value":"15775.7"},{"realtime_start":"2013-01-30","realtime_end":"2013-02-27","date":"2012-10-01","value":"15829.0"},{"realtime_start":"2013-04-26","realtime_end":"2013-05-29","date":"2013-01-01","value":"16010.2"},{"realtime_start":"2013-07-31","realtime_end":"2013-08-28","date":"2013-04-01","value":"16633.4"},{"realtime_start":"2013-11-07","realtime_end":"2013-12-04","date":"2013-07-01","value":"16857.6"},{"realtime_start":"2014-01-30","realtime_end":"2014-02-27","date":"2013-10-01","value":"17102.5"},{"realtime_start":"2014-04-30","realtime_end":"2014-05-28","date":"2014-01-01","value":"17149.6"},{"realtime_start":"2014-07-30","realtime_end":"2014-08-27","date":"2014-04-01","value":"17294.7"},{"realtime_start":"2014-10-30","realtime_end":"2014-11-24","date":"2014-07-01","value":"17535.4"},{"realtime_start":"2015-01-30","realtime_end":"2015-02-26","date":"2014-10-01","value":"17710.7"},{"realtime_start":"2015-04-29","realtime_end":"2015-05-28","date":"2015-01-01","value":"17710.0"},{"realtime_start":"2015-07-30","realtime_end":"2015-08-26","date":"2015-04-01","value":"17840.5"},{"realtime_start":"2015-10-29","realtime_end":"2015-11-23","date":"2015-07-01","value":"18034.8"},{"realtime_start":"2016-01-29","realtime_end":"2016-02-25","date":"2015-10-01","value":"18128.2"},{"realtime_start":"2016-04-28","realtime_end":"2016-05-26","date":"2016-01-01","value":"18221.1"},{"realtime_start":"2016-07-29","realtime_end":"2016-08-25","date":"2016-04-01","value":"18437.6"},{"realtime_start":"2016-10-28","realtime_end":"2016-11-28","date":"2016-07-01","value":"18651.2"},{"realtime_start":"2017-01-27","realtime_end":"2017-02-27","date":"2016-10-01","value":"18860.8"},{"realtime_start":"2017-04-28","realtime_end":"2017-05-25","date":"2017-01-01","value":"19007.3"},{"realtime_start":"2017-07-28","realtime_end":"2017-08-29","date":"2017-04-01","value":"19226.7"},{"realtime_start":"2017-10-27","realtime_end":"2017-11-28","date":"2017-07-01","value":"19495.476"},{"realtime_start":"2018-01-26","realtime_end":"2018-02-27","date":"2017-10-01","value":"19738.887"},{"realtime_start":"2018-04-27","realtime_end":"2018-05-29","date":"2018-01-01","value":"19965.326"},{"realtime_start":"2018-07-27","realtime_end":"2018-08-28","date":"2018-04-01","value":"20402.502"},{"realtime_start":"2018-10-26","realtime_end":"2018-11-27","date":"2018-07-01","value":"20659.029"},{"realtime_start":"2019-02-28","realtime_end":"2019-03-27","date":"2018-10-01","value":"20891.367"},{"realtime_start":"2019-04-26","realtime_end":"2019-05-29","date":"2019-01-01","value":"21062.691"},{"realtime_start":"2019-07-26","realtime_end":"2019-08-28","date":"2019-04-01","value":"21337.898"},{"realtime_start":"2019-10-30","realtime_end":"2019-11-26","date":"2019-07-01","value":"21525.819"},{"realtime_start":"2020-01-30","realtime_end":"2020-02-26","date":"2019-10-01","value":"21734.266"},{"realtime_start":"2020-04-29","realtime_end":"2020-05-27","date":"2020-01-01","value":"21537.94"},{"realtime_start":"2020-07-30","realtime_end":"2020-08-26","date":"2020-04-01","value":"19408.759"},{"realtime_start":"2020-10-29","realtime_end":"2020-11-24","date":"2020-07-01","value":"21157.635"},{"realtime_start":"2021-01-28","realtime_end":"2021-02-24","date":"2020-10-01","value":"21479.529"},{"realtime_start":"2021-04-29","realtime_end":"2021-05-26","date":"2021-01-01","value":"22048.894"},{"realtime_start":"2021-07-29","realtime_end":"2021-08-25","date":"2021-04-01","value":"22722.581"},{"realtime_start":"2021-10-28","realtime_end":"2021-11-23","date":"2021-07-01","value":"23173.496"},{"realtime_start":"2022-01-27","realtime_end":"2022-02-23","date":"2021-10-01","value":"23992.355"},{"realtime_start":"2022-04-28","realtime_end":"2022-05-25","date":"2022-01-01","value":"24382.683"},{"realtime_start":"2022-07-28","realtime_end":"2022-08-24","date":"2022-04-01","value":"24851.809"},{"realtime_start":"2022-10-27","realtime_end":"2022-11-29","date":"2022-07-01","value":"25663.289"},{"realtime_start":"2023-01-26","realtime_end":"2023-02-22","date":"2022-10-01","value":"26132.458"},{"realtime_start":"2023-04-27","realtime_end":"2023-05-24","date":"2023-01-01","value":"26465.865"},{"realtime_start":"2023-07-27","realtime_end":"2023-08-29","date":"2023-04-01","value":"26834.953"},{"realtime_start":"2023-10-26","realtime_end":"2023-11-28","date":"2023-07-01","value":"27623.543"},{"realtime_start":"2024-01-25","realtime_end":"2024-02-27","date":"2023-10-01","value":"27938.831"},{"realtime_start":"2024-04-25","realtime_end":"2024-05-29","date":"2024-01-01","value":"28284.498"},{"realtime_start":"2024-07-25","realtime_end":"2024-08-28","date":"2024-04-01","value":"28629.153"},{"realtime_start":"2024-10-30","realtime_end":"9999-12-31","date":"2024-07-01","value":"29349.924"}]}



        '
    headers:
      Cache-Control:
      - max-age=0, no-cache
      Connection:
      - keep-alive
      Content-Encoding:
      - gzip
      Content-Length:
      - '3433'
      Content-Type:
      - application/json; charset=UTF-8
      Date:
      - Sat, 02 Nov 2024 16:48:02 GMT
      Expires:
      - Sat, 02 Nov 2024 16:48:02 GMT
      Last-Modified:
      - Wed, 30 Oct 2024 12:54:01 GMT
      Pragma:
      - no-cache
      Server:
      - Apache
      Strict-Transport-Security:
      - max-age=86400
      Vary:
      - Accept-Encoding
    status:
      code: 200
      message: OK
- request:
    body: null
    headers:
      Accept:
      - '*/*'
      Accept-Encoding:
      - gzip, deflate, zstd
      Connection:
      - keep-alive
      User-Agent:
      - python-requests/2.32.3
    method: GET
    uri: https://api.stlouisfed.org/fred/series/observations?file_type=json&output_type=4&realtime_start=1776-07-04&series_id=GDP
  response:
    body:
      string: '{"realtime_start":"1776-07-04","realtime_end":"9999-12-31","observation_start":"1600-01-01","observation_end":"9999-12-31","units":"lin","output_type":4,"file_type":"json","order_by":"observation_date","sort_order":"asc","count":132,"offset":0,"limit":100000,"observations":[{"realtime_start":"1992-01-29","realtime_end":"1992-02-27","date":"1991-10-01","value":"5736.6"},{"realtime_start":"1992-04-28","realtime_end":"1992-05-28","date":"1992-01-01","value":"5809.3"},{"realtime_start":"1992-07-30","realtime_end":"1992-08-26","date":"1992-04-01","value":"5893.6"},{"realtime_start":"1992-10-27","realtime_end":"1992-11-24","date":"1992-07-01","value":"5967.1"},{"realtime_start":"1993-01-28","realtime_end":"1993-02-25","date":"1992-10-01","value":"6061.9"},{"realtime_start":"1993-04-29","realtime_end":"1993-05-27","date":"1993-01-01","value":"6158.8"},{"realtime_start":"1993-07-29","realtime_end":"1993-08-30","date":"1993-04-01","value":"6206.9"},{"realtime_start":"1993-10-28","realtime_end":"1993-11-30","date":"1993-07-01","value":"6396.3"},{"realtime_start":"1994-01-28","realtime_end":"1994-02-28","date":"1993-10-01","value":"6510.8"},{"realtime_start":"1994-04-28","realtime_end":"1994-05-26","date":"1994-01-01","value":"6609.4"},{"realtime_start":"1994-07-29","realtime_end":"1994-08-25","date":"1994-04-01","value":"6683.6"},{"realtime_start":"1994-10-28","realtime_end":"1994-11-29","date":"1994-07-01","value":"6775.9"},{"realtime_start":"1995-01-27","realtime_end":"1995-02-28","date":"1994-10-01","value":"6891.1"},{"realtime_start":"1995-04-28","realtime_end":"1995-05-30","date":"1995-01-01","value":"6982.9"},{"realtime_start":"1995-07-28","realtime_end":"1995-08-29","date":"1995-04-01","value":"7011.8"},{"realtime_start":"1995-10-27","realtime_end":"1996-01-18","date":"1995-07-01","value":"7113.2"},{"realtime_start":"1996-02-23","realtime_end":"1996-04-01","date":"1995-10-01","value":"7348.1"},{"realtime_start":"1996-05-02","realtime_end":"1996-05-29","date":"1996-01-01","value":"7430.7"},{"realtime_start":"1996-08-01","realtime_end":"1996-08-28","date":"1996-04-01","value":"7538.1"},{"realtime_start":"1996-10-30","realtime_end":"1996-11-26","date":"1996-07-01","value":"7616"},{"realtime_start":"1997-01-31","realtime_end":"1997-02-27","date":"1996-10-01","value":"7731.7"},{"realtime_start":"1997-04-30","realtime_end":"1997-05-29","date":"1997-01-01","value":"7866.0"},{"realtime_start":"1997-07-31","realtime_end":"1997-08-27","date":"1997-04-01","value":"8004.8"},{"realtime_start":"1997-10-31","realtime_end":"1997-11-25","date":"1997-07-01","value":"8131.7"},{"realtime_start":"1998-01-30","realtime_end":"1998-02-26","date":"1997-10-01","value":"8241.5"},{"realtime_start":"1998-04-30","realtime_end":"1998-05-27","date":"1998-01-01","value":"8332.2"},{"realtime_start":"1998-07-31","realtime_end":"1998-08-26","date":"1998-04-01","value":"8431.7"},{"realtime_start":"1998-10-30","realtime_end":"1998-11-23","date":"1998-07-01","value":"8526.5"},{"realtime_start":"1999-01-29","realtime_end":"1999-02-25","date":"1998-10-01","value":"8672.8"},{"realtime_start":"1999-04-30","realtime_end":"1999-05-26","date":"1999-01-01","value":"8807.9"},{"realtime_start":"1999-07-29","realtime_end":"1999-08-25","date":"1999-04-01","value":"8893.3"},{"realtime_start":"1999-10-28","realtime_end":"1999-11-23","date":"1999-07-01","value":"9276.3"},{"realtime_start":"2000-01-28","realtime_end":"2000-02-24","date":"1999-10-01","value":"9477.1"},{"realtime_start":"2000-04-27","realtime_end":"2000-05-24","date":"2000-01-01","value":"9697.2"},{"realtime_start":"2000-07-28","realtime_end":"2000-08-24","date":"2000-04-01","value":"9937.3"},{"realtime_start":"2000-10-27","realtime_end":"2000-11-28","date":"2000-07-01","value":"10063.3"},{"realtime_start":"2001-01-31","realtime_end":"2001-02-27","date":"2000-10-01","value":"10125.0"},{"realtime_start":"2001-04-27","realtime_end":"2001-05-24","date":"2001-01-01","value":"10243.6"},{"realtime_start":"2001-07-27","realtime_end":"2001-08-28","date":"2001-04-01","value":"10217.6"},{"realtime_start":"2001-10-31","realtime_end":"2001-11-29","date":"2001-07-01","value":"10247.7"},{"realtime_start":"2002-01-30","realtime_end":"2002-02-27","date":"2001-10-01","value":"10221.6"},{"realtime_start":"2002-04-26","realtime_end":"2002-05-23","date":"2002-01-01","value":"10431.3"},{"realtime_start":"2002-07-31","realtime_end":"2002-08-28","date":"2002-04-01","value":"10369.9"},{"realtime_start":"2002-10-31","realtime_end":"2002-11-25","date":"2002-07-01","value":"10486.1"},{"realtime_start":"2003-01-30","realtime_end":"2003-02-27","date":"2002-10-01","value":"10572.3"},{"realtime_start":"2003-04-25","realtime_end":"2003-05-28","date":"2003-01-01","value":"10697.6"},{"realtime_start":"2003-07-31","realtime_end":"2003-08-27","date":"2003-04-01","value":"10777.3"},{"realtime_start":"2003-10-30","realtime_end":"2003-11-24","date":"2003-07-01","value":"11038.4"},{"realtime_start":"2004-01-30","realtime_end":"2004-02-26","date":"2003-10-01","value":"11246.3"},{"realtime_start":"2004-04-29","realtime_end":"2004-05-26","date":"2004-01-01","value":"11447.8"},{"realtime_start":"2004-07-30","realtime_end":"2004-08-26","date":"2004-04-01","value":"11649.3"},{"realtime_start":"2004-10-29","realtime_end":"2004-11-29","date":"2004-07-01","value":"11803.5"},{"realtime_start":"2005-01-28","realtime_end":"2005-02-24","date":"2004-10-01","value":"11967.0"},{"realtime_start":"2005-04-28","realtime_end":"2005-05-25","date":"2005-01-01","value":"12182.7"},{"realtime_start":"2005-07-29","realtime_end":"2005-08-30","date":"2005-04-01","value":"12376.2"},{"realtime_start":"2005-10-28","realtime_end":"2005-11-29","date":"2005-07-01","value":"12589.6"},{"realtime_start":"2006-01-27","realtime_end":"2006-02-27","date":"2005-10-01","value":"12735.3"},{"realtime_start":"2006-04-28","realtime_end":"2006-05-24","date":"2006-01-01","value":"13020.9"},{"realtime_start":"2006-07-28","realtime_end":"2006-08-29","date":"2006-04-01","value":"13193.9"},{"realtime_start":"2006-10-27","realtime_end":"2006-11-28","date":"2006-07-01","value":"13308.3"},{"realtime_start":"2007-01-31","realtime_end":"2007-02-27","date":"2006-10-01","value":"13487.2"},{"realtime_start":"2007-04-27","realtime_end":"2007-05-30","date":"2007-01-01","value":"13632.6"},{"realtime_start":"2007-07-27","realtime_end":"2007-08-29","date":"2007-04-01","value":"13755.9"},{"realtime_start":"2007-10-31","realtime_end":"2007-11-28","date":"2007-07-01","value":"13926.7"},{"realtime_start":"2008-01-30","realtime_end":"2008-02-27","date":"2007-10-01","value":"14080.8"},{"realtime_start":"2008-04-30","realtime_end":"2008-05-28","date":"2008-01-01","value":"14185.2"},{"realtime_start":"2008-07-31","realtime_end":"2008-08-27","date":"2008-04-01","value":"14256.5"},{"realtime_start":"2008-10-30","realtime_end":"2008-11-24","date":"2008-07-01","value":"14429.2"},{"realtime_start":"2009-01-30","realtime_end":"2009-02-26","date":"2008-10-01","value":"14264.6"},{"realtime_start":"2009-04-29","realtime_end":"2009-05-28","date":"2009-01-01","value":"14075.5"},{"realtime_start":"2009-07-31","realtime_end":"2009-08-26","date":"2009-04-01","value":"14149.8"},{"realtime_start":"2009-10-29","realtime_end":"2009-11-23","date":"2009-07-01","value":"14301.5"},{"realtime_start":"2010-01-29","realtime_end":"2010-02-25","date":"2009-10-01","value":"14463.4"},{"realtime_start":"2010-04-30","realtime_end":"2010-06-24","date":"2010-01-01","value":"14601.4"},{"realtime_start":"2010-07-30","realtime_end":"2010-08-26","date":"2010-04-01","value":"14597.7"},{"realtime_start":"2010-10-29","realtime_end":"2010-11-22","date":"2010-07-01","value":"14730.2"},{"realtime_start":"2011-01-28","realtime_end":"2011-02-24","date":"2010-10-01","value":"14870.4"},{"realtime_start":"2011-04-28","realtime_end":"2011-05-25","date":"2011-01-01","value":"15006.4"},{"realtime_start":"2011-07-29","realtime_end":"2011-08-25","date":"2011-04-01","value":"15003.8"},{"realtime_start":"2011-10-27","realtime_end":"2011-11-21","date":"2011-07-01","value":"15198.6"},{"realtime_start":"2012-01-27","realtime_end":"2012-02-28","date":"2011-10-01","value":"15294.3"},{"realtime_start":"2012-04-27","realtime_end":"2012-05-30","date":"2012-01-01","value":"15461.8"},{"realtime_start":"2012-07-27","realtime_end":"2012-08-28","date":"2012-04-01","value":"15595.9"},{"realtime_start":"2012-10-26","realtime_end":"2012-11-28","date":"2012-07-01","value":"15775.7"},{"realtime_start":"2013-01-30","realtime_end":"2013-02-27","date":"2012-10-01","value":"15829.0"},{"realtime_start":"2013-04-26","realtime_end":"2013-05-29","date":"2013-01-01","value":"16010.2"},{"realtime_start":"2013-07-31","realtime_end":"2013-08-28","date":"2013-04-01","value":"16633.4"},{"realtime_start":"2013-11-07","realtime_end":"2013-12-04","date":"2013-07-01","value":"16857.6"},{"realtime_start":"2014-01-30","realtime_end":"2014-02-27","date":"2013-10-01","value":"17102.5"},{"realtime_start":"2014-04-30","realtime_end":"2014-05-28","date":"2014-01-01","value":"17149.6"},{"realtime_start":"2014-07-30","realtime_end":"2014-08-27","date":"2014-04-01","value":"17294.7"},{"realtime_start":"2014-10-30","realtime_end":"2014-11-24","date":"2014-07-01","value":"17535.4"},{"realtime_start":"2015-01-30","realtime_end":"2015-02-26","date":"2014-10-01","value":"17710.7"},{"realtime_start":"2015-04-29","realtime_end":"2015-05-28","date":"2015-01-01","value":"17710.0"},{"realtime_start":"2015-07-30","realtime_end":"2015-08-26","date":"2015-04-01","value":"17840.5"},{"realtime_start":"2015-10-29","realtime_end":"2015-11-23","date":"2015-07-01","value":"18034.8"},{"realtime_start":"2016-01-29","realtime_end":"2016-02-25","date":"2015-10-01","value":"18128.2"},{"realtime_start":"2016-04-28","realtime_end":"2016-05-26","date":"2016-01-01","value":"18221.1"},{"realtime_start":"2016-07-29","realtime_end":"2016-08-25","date":"2016-04-01","value":"18437.6"},{"realtime_start":"2016-10-28","realtime_end":"2016-11-28","date":"2016-07-01","value":"18651.2"},{"realtime_start":"2017-01-27","realtime_end":"2017-02-27","date":"2016-10-01","value":"18860.8"},{"realtime_start":"2017-04-28","realtime_end":"2017-05-25","date":"2017-01-01","value":"19007.3"},{"realtime_start":"2017-07-28","realtime_end":"2017-08-29","date":"2017-04-01","value":"19226.7"},{"realtime_start":"2017-10-27","realtime_end":"2017-11-28","date":"2017-07-01","value":"19495.476"},{"realtime_start":"2018-01-26","realtime_end":"2018-02-27","date":"2017-10-01","value":"19738.887"},{"realtime_start":"2018-04-27","realtime_end":"2018-05-29","date":"2018-01-01","value":"19965.326"},{"realtime_start":"2018-07-27","realtime_end":"2018-08-28","date":"2018-04-01","value":"20402.502"},{"realtime_start":"2018-10-26","realtime_end":"2018-11-27","date":"2018-07-01","value":"20659.029"},{"realtime_start":"2019-02-28","realtime_end":"2019-03-27","date":"2018-10-01","value":"20891.367"},{"realtime_start":"2019-04-26","realtime_end":"2019-05-29","date":"2019-01-01","value":"21062.691"},{"realtime_start":"2019-07-26","realtime_end":"2019-08-28","date":"2019-04-01","value":"21337.898"},{"realtime_start":"2019-10-30","realtime_end":"2019-11-26","date":"2019-07-01","value":"21525.819"},{"realtime_start":"2020-01-30","realtime_end":"2020-02-26","date":"2019-10-01","value":"21734.266"},{"realtime_start":"2020-04-29","realtime_end":"2020-05-27","date":"2020-01-01","value":"21537.94"},{"realtime_start":"2020-07-30","realtime_end":"2020-08-26","date":"2020-04-01","value":"19408.759"},{"realtime_start":"2020-10-29","realtime_end":"2020-11-24","date":"2020-07-01","value":"21157.635"},{"realtime_start":"2021-01-28","realtime_end":"2021-02-24","date":"2020-10-01","value":"21479.529"},{"realtime_start":"2021-04-29","realtime_end":"2021-05-26","date":"2021-01-01","value":"22048.894"},{"realtime_start":"2021-07-29","realtime_end":"2021-08-25","date":"2021-04-01","value":"22722.581"},{"realtime_start":"2021-10-28","realtime_end":"2021-11-23","date":"2021-07-01","value":"23173.496"},{"realtime_start":"2022-01-27","realtime_end":"2022-02-23","date":"2021-10-01","value":"23992.355"},{"realtime_start":"2022-04-28","realtime_end":"2022-05-25","date":"2022-01-01","value":"24382.683"},{"realtime_start":"2022-07-28","realtime_end":"2022-08-24","date":"2022-04-01","value":"24851.809"},{"realtime_start":"2022-10-27","realtime_end":"2022-11-29","date":"2022-07-01","value":"25663.289"},{"realtime_start":"2023-01-26","realtime_end":"2023-02-22","date":"2022-10-01","value":"26132.458"},{"realtime_start":"2023-04-27","realtime_end":"2023-05-24","date":"2023-01-01","value":"26465.865"},{"realtime_start":"2023-07-27","realtime_end":"2023-08-29","date":"2023-04-01","value":"26834.953"},{"realtime_start":"2023-10-26","realtime_end":"2023-11-28","date":"2023-07-01","value":"27623.543"},{"realtime_start":"2024-01-25","realtime_end":"2024-02-27","date":"2023-10-01","value":"27938.831"},{"realtime_start":"2024-04-25","realtime_end":"2024-05-29","date":"2024-01-01","value":"28284.498"},{"realtime_start":"2024-07-25","realtime_end":"2024-08-28","date":"2024-04-01","value":"28629.153"},{"realtime_start":"2024-10-30","realtime_end":"9999-12-31","date":"2024-07-01","value":"29349.924"}]}



        '
    headers:
      Cache-Control:
      - max-age=0, no-cache
      Connection:
      - keep-alive
      Content-Encoding:
      - gzip
      Content-Length:
      - '3433'
      Content-Type:
      - application/json; charset=UTF-8
      Date:
      - Sat, 02 Nov 2024 16:48:44 GMT
      Expires:
      - Sat, 02 Nov 2024 16:48:44 GMT
      Last-Modified:
      - Wed, 30 Oct 2024 12:54:01 GMT
      Pragma:
      - no-cache
      Server:
      - Apache
      Strict-Transport-Security:
      - max-age=86400
      Vary:
      - Accept-Encoding
    status:
      code: 200
      message: OK
- request:
    body: null
    headers:
      Accept:
      - '*/*'
      Accept-Encoding:
      - gzip, deflate, zstd
      Connection:
      - keep-alive
      User-Agent:
      - python-requests/2.32.3
    method: GET
    uri: https://api.stlouisfed.org/fred/series/observations?file_type=json&output_type=4&realtime_start=1776-07-04&series_id=GDP
  response:
    body:
      string: '{"realtime_start":"1776-07-04","realtime_end":"9999-12-31","observation_start":"1600-01-01","observation_end":"9999-12-31","units":"lin","output_type":4,"file_type":"json","order_by":"observation_date","sort_order":"asc","count":132,"offset":0,"limit":100000,"observations":[{"realtime_start":"1992-01-29","realtime_end":"1992-02-27","date":"1991-10-01","value":"5736.6"},{"realtime_start":"1992-04-28","realtime_end":"1992-05-28","date":"1992-01-01","value":"5809.3"},{"realtime_start":"1992-07-30","realtime_end":"1992-08-26","date":"1992-04-01","value":"5893.6"},{"realtime_start":"1992-10-27","realtime_end":"1992-11-24","date":"1992-07-01","value":"5967.1"},{"realtime_start":"1993-01-28","realtime_end":"1993-02-25","date":"1992-10-01","value":"6061.9"},{"realtime_start":"1993-04-29","realtime_end":"1993-05-27","date":"1993-01-01","value":"6158.8"},{"realtime_start":"1993-07-29","realtime_end":"1993-08-30","date":"1993-04-01","value":"6206.9"},{"realtime_start":"1993-10-28","realtime_end":"1993-11-30","date":"1993-07-01","value":"6396.3"},{"realtime_start":"1994-01-28","realtime_end":"1994-02-28","date":"1993-10-01","value":"6510.8"},{"realtime_start":"1994-04-28","realtime_end":"1994-05-26","date":"1994-01-01","value":"6609.4"},{"realtime_start":"1994-07-29","realtime_end":"1994-08-25","date":"1994-04-01","value":"6683.6"},{"realtime_start":"1994-10-28","realtime_end":"1994-11-29","date":"1994-07-01","value":"6775.9"},{"realtime_start":"1995-01-27","realtime_end":"1995-02-28","date":"1994-10-01","value":"6891.1"},{"realtime_start":"1995-04-28","realtime_end":"1995-05-30","date":"1995-01-01","value":"6982.9"},{"realtime_start":"1995-07-28","realtime_end":"1995-08-29","date":"1995-04-01","value":"7011.8"},{"realtime_start":"1995-10-27","realtime_end":"1996-01-18","date":"1995-07-01","value":"7113.2"},{"realtime_start":"1996-02-23","realtime_end":"1996-04-01","date":"1995-10-01","value":"7348.1"},{"realtime_start":"1996-05-02","realtime_end":"1996-05-29","date":"1996-01-01","value":"7430.7"},{"realtime_start":"1996-08-01","realtime_end":"1996-08-28","date":"1996-04-01","value":"7538.1"},{"realtime_start":"1996-10-30","realtime_end":"1996-11-26","date":"1996-07-01","value":"7616"},{"realtime_start":"1997-01-31","realtime_end":"1997-02-27","date":"1996-10-01","value":"7731.7"},{"realtime_start":"1997-04-30","realtime_end":"1997-05-29","date":"1997-01-01","value":"7866.0"},{"realtime_start":"1997-07-31","realtime_end":"1997-08-27","date":"1997-04-01","value":"8004.8"},{"realtime_start":"1997-10-31","realtime_end":"1997-11-25","date":"1997-07-01","value":"8131.7"},{"realtime_start":"1998-01-30","realtime_end":"1998-02-26","date":"1997-10-01","value":"8241.5"},{"realtime_start":"1998-04-30","realtime_end":"1998-05-27","date":"1998-01-01","value":"8332.2"},{"realtime_start":"1998-07-31","realtime_end":"1998-08-26","date":"1998-04-01","value":"8431.7"},{"realtime_start":"1998-10-30","realtime_end":"1998-11-23","date":"1998-07-01","value":"8526.5"},{"realtime_start":"1999-01-29","realtime_end":"1999-02-25","date":"1998-10-01","value":"8672.8"},{"realtime_start":"1999-04-30","realtime_end":"1999-05-26","date":"1999-01-01","value":"8807.9"},{"realtime_start":"1999-07-29","realtime_end":"1999-08-25","date":"1999-04-01","value":"8893.3"},{"realtime_start":"1999-10-28","realtime_end":"1999-11-23","date":"1999-07-01","value":"9276.3"},{"realtime_start":"2000-01-28","realtime_end":"2000-02-24","date":"1999-10-01","value":"9477.1"},{"realtime_start":"2000-04-27","realtime_end":"2000-05-24","date":"2000-01-01","value":"9697.2"},{"realtime_start":"2000-07-28","realtime_end":"2000-08-24","date":"2000-04-01","value":"9937.3"},{"realtime_start":"2000-10-27","realtime_end":"2000-11-28","date":"2000-07-01","value":"10063.3"},{"realtime_start":"2001-01-31","realtime_end":"2001-02-27","date":"2000-10-01","value":"10125.0"},{"realtime_start":"2001-04-27","realtime_end":"2001-05-24","date":"2001-01-01","value":"10243.6"},{"realtime_start":"2001-07-27","realtime_end":"2001-08-28","date":"2001-04-01","value":"10217.6"},{"realtime_start":"2001-10-31","realtime_end":"2001-11-29","date":"2001-07-01","value":"10247.7"},{"realtime_start":"2002-01-30","realtime_end":"2002-02-27","date":"2001-10-01","value":"10221.6"},{"realtime_start":"2002-04-26","realtime_end":"2002-05-23","date":"2002-01-01","value":"10431.3"},{"realtime_start":"2002-07-31","realtime_end":"2002-08-28","date":"2002-04-01","value":"10369.9"},{"realtime_start":"2002-10-31","realtime_end":"2002-11-25","date":"2002-07-01","value":"10486.1"},{"realtime_start":"2003-01-30","realtime_end":"2003-02-27","date":"2002-10-01","value":"10572.3"},{"realtime_start":"2003-04-25","realtime_end":"2003-05-28","date":"2003-01-01","value":"10697.6"},{"realtime_start":"2003-07-31","realtime_end":"2003-08-27","date":"2003-04-01","value":"10777.3"},{"realtime_start":"2003-10-30","realtime_end":"2003-11-24","date":"2003-07-01","value":"11038.4"},{"realtime_start":"2004-01-30","realtime_end":"2004-02-26","date":"2003-10-01","value":"11246.3"},{"realtime_start":"2004-04-29","realtime_end":"2004-05-26","date":"2004-01-01","value":"11447.8"},{"realtime_start":"2004-07-30","realtime_end":"2004-08-26","date":"2004-04-01","value":"11649.3"},{"realtime_start":"2004-10-29","realtime_end":"2004-11-29","date":"2004-07-01","value":"11803.5"},{"realtime_start":"2005-01-28","realtime_end":"2005-02-24","date":"2004-10-01","value":"11967.0"},{"realtime_start":"2005-04-28","realtime_end":"2005-05-25","date":"2005-01-01","value":"12182.7"},{"realtime_start":"2005-07-29","realtime_end":"2005-08-30","date":"2005-04-01","value":"12376.2"},{"realtime_start":"2005-10-28","realtime_end":"2005-11-29","date":"2005-07-01","value":"12589.6"},{"realtime_start":"2006-01-27","realtime_end":"2006-02-27","date":"2005-10-01","value":"12735.3"},{"realtime_start":"2006-04-28","realtime_end":"2006-05-24","date":"2006-01-01","value":"13020.9"},{"realtime_start":"2006-07-28","realtime_end":"2006-08-29","date":"2006-04-01","value":"13193.9"},{"realtime_start":"2006-10-27","realtime_end":"2006-11-28","date":"2006-07-01","value":"13308.3"},{"realtime_start":"2007-01-31","realtime_end":"2007-02-27","date":"2006-10-01","value":"13487.2"},{"realtime_start":"2007-04-27","realtime_end":"2007-05-30","date":"2007-01-01","value":"13632.6"},{"realtime_start":"2007-07-27","realtime_end":"2007-08-29","date":"2007-04-01","value":"13755.9"},{"realtime_start":"2007-10-31","realtime_end":"2007-11-28","date":"2007-07-01","value":"13926.7"},{"realtime_start":"2008-01-30","realtime_end":"2008-02-27","date":"2007-10-01","value":"14080.8"},{"realtime_start":"2008-04-30","realtime_end":"2008-05-28","date":"2008-01-01","value":"14185.2"},{"realtime_start":"2008-07-31","realtime_end":"2008-08-27","date":"2008-04-01","value":"14256.5"},{"realtime_start":"2008-10-30","realtime_end":"2008-11-24","date":"2008-07-01","value":"14429.2"},{"realtime_start":"2009-01-30","realtime_end":"2009-02-26","date":"2008-10-01","value":"14264.6"},{"realtime_start":"2009-04-29","realtime_end":"2009-05-28","date":"2009-01-01","value":"14075.5"},{"realtime_start":"2009-07-31","realtime_end":"2009-08-26","date":"2009-04-01","value":"14149.8"},{"realtime_start":"2009-10-29","realtime_end":"2009-11-23","date":"2009-07-01","value":"14301.5"},{"realtime_start":"2010-01-29","realtime_end":"2010-02-25","date":"2009-10-01","value":"14463.4"},{"realtime_start":"2010-04-30","realtime_end":"2010-06-24","date":"2010-01-01","value":"14601.4"},{"realtime_start":"2010-07-30","realtime_end":"2010-08-26","date":"2010-04-01","value":"14597.7"},{"realtime_start":"2010-10-29","realtime_end":"2010-11-22","date":"2010-07-01","value":"14730.2"},{"realtime_start":"2011-01-28","realtime_end":"2011-02-24","date":"2010-10-01","value":"14870.4"},{"realtime_start":"2011-04-28","realtime_end":"2011-05-25","date":"2011-01-01","value":"15006.4"},{"realtime_start":"2011-07-29","realtime_end":"2011-08-25","date":"2011-04-01","value":"15003.8"},{"realtime_start":"2011-10-27","realtime_end":"2011-11-21","date":"2011-07-01","value":"15198.6"},{"realtime_start":"2012-01-27","realtime_end":"2012-02-28","date":"2011-10-01","value":"15294.3"},{"realtime_start":"2012-04-27","realtime_end":"2012-05-30","date":"2012-01-01","value":"15461.8"},{"realtime_start":"2012-07-27","realtime_end":"2012-08-28","date":"2012-04-01","value":"15595.9"},{"realtime_start":"2012-10-26","realtime_end":"2012-11-28","date":"2012-07-01","value":"15775.7"},{"realtime_start":"2013-01-30","realtime_end":"2013-02-27","date":"2012-10-01","value":"15829.0"},{"realtime_start":"2013-04-26","realtime_end":"2013-05-29","date":"2013-01-01","value":"16010.2"},{"realtime_start":"2013-07-31","realtime_end":"2013-08-28","date":"2013-04-01","value":"16633.4"},{"realtime_start":"2013-11-07","realtime_end":"2013-12-04","date":"2013-07-01","value":"16857.6"},{"realtime_start":"2014-01-30","realtime_end":"2014-02-27","date":"2013-10-01","value":"17102.5"},{"realtime_start":"2014-04-30","realtime_end":"2014-05-28","date":"2014-01-01","value":"17149.6"},{"realtime_start":"2014-07-30","realtime_end":"2014-08-27","date":"2014-04-01","value":"17294.7"},{"realtime_start":"2014-10-30","realtime_end":"2014-11-24","date":"2014-07-01","value":"17535.4"},{"realtime_start":"2015-01-30","realtime_end":"2015-02-26","date":"2014-10-01","value":"17710.7"},{"realtime_start":"2015-04-29","realtime_end":"2015-05-28","date":"2015-01-01","value":"17710.0"},{"realtime_start":"2015-07-30","realtime_end":"2015-08-26","date":"2015-04-01","value":"17840.5"},{"realtime_start":"2015-10-29","realtime_end":"2015-11-23","date":"2015-07-01","value":"18034.8"},{"realtime_start":"2016-01-29","realtime_end":"2016-02-25","date":"2015-10-01","value":"18128.2"},{"realtime_start":"2016-04-28","realtime_end":"2016-05-26","date":"2016-01-01","value":"18221.1"},{"realtime_start":"2016-07-29","realtime_end":"2016-08-25","date":"2016-04-01","value":"18437.6"},{"realtime_start":"2016-10-28","realtime_end":"2016-11-28","date":"2016-07-01","value":"18651.2"},{"realtime_start":"2017-01-27","realtime_end":"2017-02-27","date":"2016-10-01","value":"18860.8"},{"realtime_start":"2017-04-28","realtime_end":"2017-05-25","date":"2017-01-01","value":"19007.3"},{"realtime_start":"2017-07-28","realtime_end":"2017-08-29","date":"2017-04-01","value":"19226.7"},{"realtime_start":"2017-10-27","realtime_end":"2017-11-28","date":"2017-07-01","value":"19495.476"},{"realtime_start":"2018-01-26","realtime_end":"2018-02-27","date":"2017-10-01","value":"19738.887"},{"realtime_start":"2018-04-27","realtime_end":"2018-05-29","date":"2018-01-01","value":"19965.326"},{"realtime_start":"2018-07-27","realtime_end":"2018-08-28","date":"2018-04-01","value":"20402.502"},{"realtime_start":"2018-10-26","realtime_end":"2018-11-27","date":"2018-07-01","value":"20659.029"},{"realtime_start":"2019-02-28","realtime_end":"2019-03-27","date":"2018-10-01","value":"20891.367"},{"realtime_start":"2019-04-26","realtime_end":"2019-05-29","date":"2019-01-01","value":"21062.691"},{"realtime_start":"2019-07-26","realtime_end":"2019-08-28","date":"2019-04-01","value":"21337.898"},{"realtime_start":"2019-10-30","realtime_end":"2019-11-26","date":"2019-07-01","value":"21525.819"},{"realtime_start":"2020-01-30","realtime_end":"2020-02-26","date":"2019-10-01","value":"21734.266"},{"realtime_start":"2020-04-29","realtime_end":"2020-05-27","date":"2020-01-01","value":"21537.94"},{"realtime_start":"2020-07-30","realtime_end":"2020-08-26","date":"2020-04-01","value":"19408.759"},{"realtime_start":"2020-10-29","realtime_end":"2020-11-24","date":"2020-07-01","value":"21157.635"},{"realtime_start":"2021-01-28","realtime_end":"2021-02-24","date":"2020-10-01","value":"21479.529"},{"realtime_start":"2021-04-29","realtime_end":"2021-05-26","date":"2021-01-01","value":"22048.894"},{"realtime_start":"2021-07-29","realtime_end":"2021-08-25","date":"2021-04-01","value":"22722.581"},{"realtime_start":"2021-10-28","realtime_end":"2021-11-23","date":"2021-07-01","value":"23173.496"},{"realtime_start":"2022-01-27","realtime_end":"2022-02-23","date":"2021-10-01","value":"23992.355"},{"realtime_start":"2022-04-28","realtime_end":"2022-05-25","date":"2022-01-01","value":"24382.683"},{"realtime_start":"2022-07-28","realtime_end":"2022-08-24","date":"2022-04-01","value":"24851.809"},{"realtime_start":"2022-10-27","realtime_end":"2022-11-29","date":"2022-07-01","value":"25663.289"},{"realtime_start":"2023-01-26","realtime_end":"2023-02-22","date":"2022-10-01","value":"26132.458"},{"realtime_start":"2023-04-27","realtime_end":"2023-05-24","date":"2023-01-01","value":"26465.865"},{"realtime_start":"2023-07-27","realtime_end":"2023-08-29","date":"2023-04-01","value":"26834.953"},{"realtime_start":"2023-10-26","realtime_end":"2023-11-28","date":"2023-07-01","value":"27623.543"},{"realtime_start":"2024-01-25","realtime_end":"2024-02-27","date":"2023-10-01","value":"27938.831"},{"realtime_start":"2024-04-25","realtime_end":"2024-05-29","date":"2024-01-01","value":"28284.498"},{"realtime_start":"2024-07-25","realtime_end":"2024-08-28","date":"2024-04-01","value":"28629.153"},{"realtime_start":"2024-10-30","realtime_end":"9999-12-31","date":"2024-07-01","value":"29349.924"}]}



        '
    headers:
      Cache-Control:
      - max-age=0, no-cache
      Connection:
      - keep-alive
      Content-Encoding:
      - gzip
      Content-Length:
      - '3433'
      Content-Type:
      - application/json; charset=UTF-8
      Date:
      - Sat, 02 Nov 2024 16:54:01 GMT
      Expires:
      - Sat, 02 Nov 2024 16:54:01 GMT
      Last-Modified:
      - Wed, 30 Oct 2024 12:54:01 GMT
      Pragma:
      - no-cache
      Server:
      - Apache
      Strict-Transport-Security:
      - max-age=86400
      Vary:
      - Accept-Encoding
    status:
      code: 200
      message: OK
- request:
    body: null
    headers:
      Accept:
      - '*/*'
      Accept-Encoding:
      - gzip, deflate, zstd
      Connection:
      - keep-alive
      User-Agent:
      - python-requests/2.32.3
    method: GET
    uri: https://api.stlouisfed.org/fred/series/observations?file_type=json&output_type=4&realtime_start=1776-07-04&series_id=GDP
  response:
    body:
      string: '{"realtime_start":"1776-07-04","realtime_end":"9999-12-31","observation_start":"1600-01-01","observation_end":"9999-12-31","units":"lin","output_type":4,"file_type":"json","order_by":"observation_date","sort_order":"asc","count":132,"offset":0,"limit":100000,"observations":[{"realtime_start":"1992-01-29","realtime_end":"1992-02-27","date":"1991-10-01","value":"5736.6"},{"realtime_start":"1992-04-28","realtime_end":"1992-05-28","date":"1992-01-01","value":"5809.3"},{"realtime_start":"1992-07-30","realtime_end":"1992-08-26","date":"1992-04-01","value":"5893.6"},{"realtime_start":"1992-10-27","realtime_end":"1992-11-24","date":"1992-07-01","value":"5967.1"},{"realtime_start":"1993-01-28","realtime_end":"1993-02-25","date":"1992-10-01","value":"6061.9"},{"realtime_start":"1993-04-29","realtime_end":"1993-05-27","date":"1993-01-01","value":"6158.8"},{"realtime_start":"1993-07-29","realtime_end":"1993-08-30","date":"1993-04-01","value":"6206.9"},{"realtime_start":"1993-10-28","realtime_end":"1993-11-30","date":"1993-07-01","value":"6396.3"},{"realtime_start":"1994-01-28","realtime_end":"1994-02-28","date":"1993-10-01","value":"6510.8"},{"realtime_start":"1994-04-28","realtime_end":"1994-05-26","date":"1994-01-01","value":"6609.4"},{"realtime_start":"1994-07-29","realtime_end":"1994-08-25","date":"1994-04-01","value":"6683.6"},{"realtime_start":"1994-10-28","realtime_end":"1994-11-29","date":"1994-07-01","value":"6775.9"},{"realtime_start":"1995-01-27","realtime_end":"1995-02-28","date":"1994-10-01","value":"6891.1"},{"realtime_start":"1995-04-28","realtime_end":"1995-05-30","date":"1995-01-01","value":"6982.9"},{"realtime_start":"1995-07-28","realtime_end":"1995-08-29","date":"1995-04-01","value":"7011.8"},{"realtime_start":"1995-10-27","realtime_end":"1996-01-18","date":"1995-07-01","value":"7113.2"},{"realtime_start":"1996-02-23","realtime_end":"1996-04-01","date":"1995-10-01","value":"7348.1"},{"realtime_start":"1996-05-02","realtime_end":"1996-05-29","date":"1996-01-01","value":"7430.7"},{"realtime_start":"1996-08-01","realtime_end":"1996-08-28","date":"1996-04-01","value":"7538.1"},{"realtime_start":"1996-10-30","realtime_end":"1996-11-26","date":"1996-07-01","value":"7616"},{"realtime_start":"1997-01-31","realtime_end":"1997-02-27","date":"1996-10-01","value":"7731.7"},{"realtime_start":"1997-04-30","realtime_end":"1997-05-29","date":"1997-01-01","value":"7866.0"},{"realtime_start":"1997-07-31","realtime_end":"1997-08-27","date":"1997-04-01","value":"8004.8"},{"realtime_start":"1997-10-31","realtime_end":"1997-11-25","date":"1997-07-01","value":"8131.7"},{"realtime_start":"1998-01-30","realtime_end":"1998-02-26","date":"1997-10-01","value":"8241.5"},{"realtime_start":"1998-04-30","realtime_end":"1998-05-27","date":"1998-01-01","value":"8332.2"},{"realtime_start":"1998-07-31","realtime_end":"1998-08-26","date":"1998-04-01","value":"8431.7"},{"realtime_start":"1998-10-30","realtime_end":"1998-11-23","date":"1998-07-01","value":"8526.5"},{"realtime_start":"1999-01-29","realtime_end":"1999-02-25","date":"1998-10-01","value":"8672.8"},{"realtime_start":"1999-04-30","realtime_end":"1999-05-26","date":"1999-01-01","value":"8807.9"},{"realtime_start":"1999-07-29","realtime_end":"1999-08-25","date":"1999-04-01","value":"8893.3"},{"realtime_start":"1999-10-28","realtime_end":"1999-11-23","date":"1999-07-01","value":"9276.3"},{"realtime_start":"2000-01-28","realtime_end":"2000-02-24","date":"1999-10-01","value":"9477.1"},{"realtime_start":"2000-04-27","realtime_end":"2000-05-24","date":"2000-01-01","value":"9697.2"},{"realtime_start":"2000-07-28","realtime_end":"2000-08-24","date":"2000-04-01","value":"9937.3"},{"realtime_start":"2000-10-27","realtime_end":"2000-11-28","date":"2000-07-01","value":"10063.3"},{"realtime_start":"2001-01-31","realtime_end":"2001-02-27","date":"2000-10-01","value":"10125.0"},{"realtime_start":"2001-04-27","realtime_end":"2001-05-24","date":"2001-01-01","value":"10243.6"},{"realtime_start":"2001-07-27","realtime_end":"2001-08-28","date":"2001-04-01","value":"10217.6"},{"realtime_start":"2001-10-31","realtime_end":"2001-11-29","date":"2001-07-01","value":"10247.7"},{"realtime_start":"2002-01-30","realtime_end":"2002-02-27","date":"2001-10-01","value":"10221.6"},{"realtime_start":"2002-04-26","realtime_end":"2002-05-23","date":"2002-01-01","value":"10431.3"},{"realtime_start":"2002-07-31","realtime_end":"2002-08-28","date":"2002-04-01","value":"10369.9"},{"realtime_start":"2002-10-31","realtime_end":"2002-11-25","date":"2002-07-01","value":"10486.1"},{"realtime_start":"2003-01-30","realtime_end":"2003-02-27","date":"2002-10-01","value":"10572.3"},{"realtime_start":"2003-04-25","realtime_end":"2003-05-28","date":"2003-01-01","value":"10697.6"},{"realtime_start":"2003-07-31","realtime_end":"2003-08-27","date":"2003-04-01","value":"10777.3"},{"realtime_start":"2003-10-30","realtime_end":"2003-11-24","date":"2003-07-01","value":"11038.4"},{"realtime_start":"2004-01-30","realtime_end":"2004-02-26","date":"2003-10-01","value":"11246.3"},{"realtime_start":"2004-04-29","realtime_end":"2004-05-26","date":"2004-01-01","value":"11447.8"},{"realtime_start":"2004-07-30","realtime_end":"2004-08-26","date":"2004-04-01","value":"11649.3"},{"realtime_start":"2004-10-29","realtime_end":"2004-11-29","date":"2004-07-01","value":"11803.5"},{"realtime_start":"2005-01-28","realtime_end":"2005-02-24","date":"2004-10-01","value":"11967.0"},{"realtime_start":"2005-04-28","realtime_end":"2005-05-25","date":"2005-01-01","value":"12182.7"},{"realtime_start":"2005-07-29","realtime_end":"2005-08-30","date":"2005-04-01","value":"12376.2"},{"realtime_start":"2005-10-28","realtime_end":"2005-11-29","date":"2005-07-01","value":"12589.6"},{"realtime_start":"2006-01-27","realtime_end":"2006-02-27","date":"2005-10-01","value":"12735.3"},{"realtime_start":"2006-04-28","realtime_end":"2006-05-24","date":"2006-01-01","value":"13020.9"},{"realtime_start":"2006-07-28","realtime_end":"2006-08-29","date":"2006-04-01","value":"13193.9"},{"realtime_start":"2006-10-27","realtime_end":"2006-11-28","date":"2006-07-01","value":"13308.3"},{"realtime_start":"2007-01-31","realtime_end":"2007-02-27","date":"2006-10-01","value":"13487.2"},{"realtime_start":"2007-04-27","realtime_end":"2007-05-30","date":"2007-01-01","value":"13632.6"},{"realtime_start":"2007-07-27","realtime_end":"2007-08-29","date":"2007-04-01","value":"13755.9"},{"realtime_start":"2007-10-31","realtime_end":"2007-11-28","date":"2007-07-01","value":"13926.7"},{"realtime_start":"2008-01-30","realtime_end":"2008-02-27","date":"2007-10-01","value":"14080.8"},{"realtime_start":"2008-04-30","realtime_end":"2008-05-28","date":"2008-01-01","value":"14185.2"},{"realtime_start":"2008-07-31","realtime_end":"2008-08-27","date":"2008-04-01","value":"14256.5"},{"realtime_start":"2008-10-30","realtime_end":"2008-11-24","date":"2008-07-01","value":"14429.2"},{"realtime_start":"2009-01-30","realtime_end":"2009-02-26","date":"2008-10-01","value":"14264.6"},{"realtime_start":"2009-04-29","realtime_end":"2009-05-28","date":"2009-01-01","value":"14075.5"},{"realtime_start":"2009-07-31","realtime_end":"2009-08-26","date":"2009-04-01","value":"14149.8"},{"realtime_start":"2009-10-29","realtime_end":"2009-11-23","date":"2009-07-01","value":"14301.5"},{"realtime_start":"2010-01-29","realtime_end":"2010-02-25","date":"2009-10-01","value":"14463.4"},{"realtime_start":"2010-04-30","realtime_end":"2010-06-24","date":"2010-01-01","value":"14601.4"},{"realtime_start":"2010-07-30","realtime_end":"2010-08-26","date":"2010-04-01","value":"14597.7"},{"realtime_start":"2010-10-29","realtime_end":"2010-11-22","date":"2010-07-01","value":"14730.2"},{"realtime_start":"2011-01-28","realtime_end":"2011-02-24","date":"2010-10-01","value":"14870.4"},{"realtime_start":"2011-04-28","realtime_end":"2011-05-25","date":"2011-01-01","value":"15006.4"},{"realtime_start":"2011-07-29","realtime_end":"2011-08-25","date":"2011-04-01","value":"15003.8"},{"realtime_start":"2011-10-27","realtime_end":"2011-11-21","date":"2011-07-01","value":"15198.6"},{"realtime_start":"2012-01-27","realtime_end":"2012-02-28","date":"2011-10-01","value":"15294.3"},{"realtime_start":"2012-04-27","realtime_end":"2012-05-30","date":"2012-01-01","value":"15461.8"},{"realtime_start":"2012-07-27","realtime_end":"2012-08-28","date":"2012-04-01","value":"15595.9"},{"realtime_start":"2012-10-26","realtime_end":"2012-11-28","date":"2012-07-01","value":"15775.7"},{"realtime_start":"2013-01-30","realtime_end":"2013-02-27","date":"2012-10-01","value":"15829.0"},{"realtime_start":"2013-04-26","realtime_end":"2013-05-29","date":"2013-01-01","value":"16010.2"},{"realtime_start":"2013-07-31","realtime_end":"2013-08-28","date":"2013-04-01","value":"16633.4"},{"realtime_start":"2013-11-07","realtime_end":"2013-12-04","date":"2013-07-01","value":"16857.6"},{"realtime_start":"2014-01-30","realtime_end":"2014-02-27","date":"2013-10-01","value":"17102.5"},{"realtime_start":"2014-04-30","realtime_end":"2014-05-28","date":"2014-01-01","value":"17149.6"},{"realtime_start":"2014-07-30","realtime_end":"2014-08-27","date":"2014-04-01","value":"17294.7"},{"realtime_start":"2014-10-30","realtime_end":"2014-11-24","date":"2014-07-01","value":"17535.4"},{"realtime_start":"2015-01-30","realtime_end":"2015-02-26","date":"2014-10-01","value":"17710.7"},{"realtime_start":"2015-04-29","realtime_end":"2015-05-28","date":"2015-01-01","value":"17710.0"},{"realtime_start":"2015-07-30","realtime_end":"2015-08-26","date":"2015-04-01","value":"17840.5"},{"realtime_start":"2015-10-29","realtime_end":"2015-11-23","date":"2015-07-01","value":"18034.8"},{"realtime_start":"2016-01-29","realtime_end":"2016-02-25","date":"2015-10-01","value":"18128.2"},{"realtime_start":"2016-04-28","realtime_end":"2016-05-26","date":"2016-01-01","value":"18221.1"},{"realtime_start":"2016-07-29","realtime_end":"2016-08-25","date":"2016-04-01","value":"18437.6"},{"realtime_start":"2016-10-28","realtime_end":"2016-11-28","date":"2016-07-01","value":"18651.2"},{"realtime_start":"2017-01-27","realtime_end":"2017-02-27","date":"2016-10-01","value":"18860.8"},{"realtime_start":"2017-04-28","realtime_end":"2017-05-25","date":"2017-01-01","value":"19007.3"},{"realtime_start":"2017-07-28","realtime_end":"2017-08-29","date":"2017-04-01","value":"19226.7"},{"realtime_start":"2017-10-27","realtime_end":"2017-11-28","date":"2017-07-01","value":"19495.476"},{"realtime_start":"2018-01-26","realtime_end":"2018-02-27","date":"2017-10-01","value":"19738.887"},{"realtime_start":"2018-04-27","realtime_end":"2018-05-29","date":"2018-01-01","value":"19965.326"},{"realtime_start":"2018-07-27","realtime_end":"2018-08-28","date":"2018-04-01","value":"20402.502"},{"realtime_start":"2018-10-26","realtime_end":"2018-11-27","date":"2018-07-01","value":"20659.029"},{"realtime_start":"2019-02-28","realtime_end":"2019-03-27","date":"2018-10-01","value":"20891.367"},{"realtime_start":"2019-04-26","realtime_end":"2019-05-29","date":"2019-01-01","value":"21062.691"},{"realtime_start":"2019-07-26","realtime_end":"2019-08-28","date":"2019-04-01","value":"21337.898"},{"realtime_start":"2019-10-30","realtime_end":"2019-11-26","date":"2019-07-01","value":"21525.819"},{"realtime_start":"2020-01-30","realtime_end":"2020-02-26","date":"2019-10-01","value":"21734.266"},{"realtime_start":"2020-04-29","realtime_end":"2020-05-27","date":"2020-01-01","value":"21537.94"},{"realtime_start":"2020-07-30","realtime_end":"2020-08-26","date":"2020-04-01","value":"19408.759"},{"realtime_start":"2020-10-29","realtime_end":"2020-11-24","date":"2020-07-01","value":"21157.635"},{"realtime_start":"2021-01-28","realtime_end":"2021-02-24","date":"2020-10-01","value":"21479.529"},{"realtime_start":"2021-04-29","realtime_end":"2021-05-26","date":"2021-01-01","value":"22048.894"},{"realtime_start":"2021-07-29","realtime_end":"2021-08-25","date":"2021-04-01","value":"22722.581"},{"realtime_start":"2021-10-28","realtime_end":"2021-11-23","date":"2021-07-01","value":"23173.496"},{"realtime_start":"2022-01-27","realtime_end":"2022-02-23","date":"2021-10-01","value":"23992.355"},{"realtime_start":"2022-04-28","realtime_end":"2022-05-25","date":"2022-01-01","value":"24382.683"},{"realtime_start":"2022-07-28","realtime_end":"2022-08-24","date":"2022-04-01","value":"24851.809"},{"realtime_start":"2022-10-27","realtime_end":"2022-11-29","date":"2022-07-01","value":"25663.289"},{"realtime_start":"2023-01-26","realtime_end":"2023-02-22","date":"2022-10-01","value":"26132.458"},{"realtime_start":"2023-04-27","realtime_end":"2023-05-24","date":"2023-01-01","value":"26465.865"},{"realtime_start":"2023-07-27","realtime_end":"2023-08-29","date":"2023-04-01","value":"26834.953"},{"realtime_start":"2023-10-26","realtime_end":"2023-11-28","date":"2023-07-01","value":"27623.543"},{"realtime_start":"2024-01-25","realtime_end":"2024-02-27","date":"2023-10-01","value":"27938.831"},{"realtime_start":"2024-04-25","realtime_end":"2024-05-29","date":"2024-01-01","value":"28284.498"},{"realtime_start":"2024-07-25","realtime_end":"2024-08-28","date":"2024-04-01","value":"28629.153"},{"realtime_start":"2024-10-30","realtime_end":"9999-12-31","date":"2024-07-01","value":"29349.924"}]}



        '
    headers:
      Cache-Control:
      - max-age=0, no-cache
      Connection:
      - keep-alive
      Content-Encoding:
      - gzip
      Content-Length:
      - '3433'
      Content-Type:
      - application/json; charset=UTF-8
      Date:
      - Sat, 02 Nov 2024 16:55:29 GMT
      Expires:
      - Sat, 02 Nov 2024 16:55:29 GMT
      Last-Modified:
      - Wed, 30 Oct 2024 12:54:01 GMT
      Pragma:
      - no-cache
      Server:
      - Apache
      Strict-Transport-Security:
      - max-age=86400
      Vary:
      - Accept-Encoding
    status:
      code: 200
      message: OK
- request:
    body: null
    headers:
      Accept:
      - '*/*'
      Accept-Encoding:
      - gzip, deflate, zstd
      Connection:
      - keep-alive
      User-Agent:
      - python-requests/2.32.3
    method: GET
    uri: https://api.stlouisfed.org/fred/series/observations?file_type=json&output_type=4&realtime_start=1776-07-04&series_id=GDP
  response:
    body:
      string: '{"realtime_start":"1776-07-04","realtime_end":"9999-12-31","observation_start":"1600-01-01","observation_end":"9999-12-31","units":"lin","output_type":4,"file_type":"json","order_by":"observation_date","sort_order":"asc","count":132,"offset":0,"limit":100000,"observations":[{"realtime_start":"1992-01-29","realtime_end":"1992-02-27","date":"1991-10-01","value":"5736.6"},{"realtime_start":"1992-04-28","realtime_end":"1992-05-28","date":"1992-01-01","value":"5809.3"},{"realtime_start":"1992-07-30","realtime_end":"1992-08-26","date":"1992-04-01","value":"5893.6"},{"realtime_start":"1992-10-27","realtime_end":"1992-11-24","date":"1992-07-01","value":"5967.1"},{"realtime_start":"1993-01-28","realtime_end":"1993-02-25","date":"1992-10-01","value":"6061.9"},{"realtime_start":"1993-04-29","realtime_end":"1993-05-27","date":"1993-01-01","value":"6158.8"},{"realtime_start":"1993-07-29","realtime_end":"1993-08-30","date":"1993-04-01","value":"6206.9"},{"realtime_start":"1993-10-28","realtime_end":"1993-11-30","date":"1993-07-01","value":"6396.3"},{"realtime_start":"1994-01-28","realtime_end":"1994-02-28","date":"1993-10-01","value":"6510.8"},{"realtime_start":"1994-04-28","realtime_end":"1994-05-26","date":"1994-01-01","value":"6609.4"},{"realtime_start":"1994-07-29","realtime_end":"1994-08-25","date":"1994-04-01","value":"6683.6"},{"realtime_start":"1994-10-28","realtime_end":"1994-11-29","date":"1994-07-01","value":"6775.9"},{"realtime_start":"1995-01-27","realtime_end":"1995-02-28","date":"1994-10-01","value":"6891.1"},{"realtime_start":"1995-04-28","realtime_end":"1995-05-30","date":"1995-01-01","value":"6982.9"},{"realtime_start":"1995-07-28","realtime_end":"1995-08-29","date":"1995-04-01","value":"7011.8"},{"realtime_start":"1995-10-27","realtime_end":"1996-01-18","date":"1995-07-01","value":"7113.2"},{"realtime_start":"1996-02-23","realtime_end":"1996-04-01","date":"1995-10-01","value":"7348.1"},{"realtime_start":"1996-05-02","realtime_end":"1996-05-29","date":"1996-01-01","value":"7430.7"},{"realtime_start":"1996-08-01","realtime_end":"1996-08-28","date":"1996-04-01","value":"7538.1"},{"realtime_start":"1996-10-30","realtime_end":"1996-11-26","date":"1996-07-01","value":"7616"},{"realtime_start":"1997-01-31","realtime_end":"1997-02-27","date":"1996-10-01","value":"7731.7"},{"realtime_start":"1997-04-30","realtime_end":"1997-05-29","date":"1997-01-01","value":"7866.0"},{"realtime_start":"1997-07-31","realtime_end":"1997-08-27","date":"1997-04-01","value":"8004.8"},{"realtime_start":"1997-10-31","realtime_end":"1997-11-25","date":"1997-07-01","value":"8131.7"},{"realtime_start":"1998-01-30","realtime_end":"1998-02-26","date":"1997-10-01","value":"8241.5"},{"realtime_start":"1998-04-30","realtime_end":"1998-05-27","date":"1998-01-01","value":"8332.2"},{"realtime_start":"1998-07-31","realtime_end":"1998-08-26","date":"1998-04-01","value":"8431.7"},{"realtime_start":"1998-10-30","realtime_end":"1998-11-23","date":"1998-07-01","value":"8526.5"},{"realtime_start":"1999-01-29","realtime_end":"1999-02-25","date":"1998-10-01","value":"8672.8"},{"realtime_start":"1999-04-30","realtime_end":"1999-05-26","date":"1999-01-01","value":"8807.9"},{"realtime_start":"1999-07-29","realtime_end":"1999-08-25","date":"1999-04-01","value":"8893.3"},{"realtime_start":"1999-10-28","realtime_end":"1999-11-23","date":"1999-07-01","value":"9276.3"},{"realtime_start":"2000-01-28","realtime_end":"2000-02-24","date":"1999-10-01","value":"9477.1"},{"realtime_start":"2000-04-27","realtime_end":"2000-05-24","date":"2000-01-01","value":"9697.2"},{"realtime_start":"2000-07-28","realtime_end":"2000-08-24","date":"2000-04-01","value":"9937.3"},{"realtime_start":"2000-10-27","realtime_end":"2000-11-28","date":"2000-07-01","value":"10063.3"},{"realtime_start":"2001-01-31","realtime_end":"2001-02-27","date":"2000-10-01","value":"10125.0"},{"realtime_start":"2001-04-27","realtime_end":"2001-05-24","date":"2001-01-01","value":"10243.6"},{"realtime_start":"2001-07-27","realtime_end":"2001-08-28","date":"2001-04-01","value":"10217.6"},{"realtime_start":"2001-10-31","realtime_end":"2001-11-29","date":"2001-07-01","value":"10247.7"},{"realtime_start":"2002-01-30","realtime_end":"2002-02-27","date":"2001-10-01","value":"10221.6"},{"realtime_start":"2002-04-26","realtime_end":"2002-05-23","date":"2002-01-01","value":"10431.3"},{"realtime_start":"2002-07-31","realtime_end":"2002-08-28","date":"2002-04-01","value":"10369.9"},{"realtime_start":"2002-10-31","realtime_end":"2002-11-25","date":"2002-07-01","value":"10486.1"},{"realtime_start":"2003-01-30","realtime_end":"2003-02-27","date":"2002-10-01","value":"10572.3"},{"realtime_start":"2003-04-25","realtime_end":"2003-05-28","date":"2003-01-01","value":"10697.6"},{"realtime_start":"2003-07-31","realtime_end":"2003-08-27","date":"2003-04-01","value":"10777.3"},{"realtime_start":"2003-10-30","realtime_end":"2003-11-24","date":"2003-07-01","value":"11038.4"},{"realtime_start":"2004-01-30","realtime_end":"2004-02-26","date":"2003-10-01","value":"11246.3"},{"realtime_start":"2004-04-29","realtime_end":"2004-05-26","date":"2004-01-01","value":"11447.8"},{"realtime_start":"2004-07-30","realtime_end":"2004-08-26","date":"2004-04-01","value":"11649.3"},{"realtime_start":"2004-10-29","realtime_end":"2004-11-29","date":"2004-07-01","value":"11803.5"},{"realtime_start":"2005-01-28","realtime_end":"2005-02-24","date":"2004-10-01","value":"11967.0"},{"realtime_start":"2005-04-28","realtime_end":"2005-05-25","date":"2005-01-01","value":"12182.7"},{"realtime_start":"2005-07-29","realtime_end":"2005-08-30","date":"2005-04-01","value":"12376.2"},{"realtime_start":"2005-10-28","realtime_end":"2005-11-29","date":"2005-07-01","value":"12589.6"},{"realtime_start":"2006-01-27","realtime_end":"2006-02-27","date":"2005-10-01","value":"12735.3"},{"realtime_start":"2006-04-28","realtime_end":"2006-05-24","date":"2006-01-01","value":"13020.9"},{"realtime_start":"2006-07-28","realtime_end":"2006-08-29","date":"2006-04-01","value":"13193.9"},{"realtime_start":"2006-10-27","realtime_end":"2006-11-28","date":"2006-07-01","value":"13308.3"},{"realtime_start":"2007-01-31","realtime_end":"2007-02-27","date":"2006-10-01","value":"13487.2"},{"realtime_start":"2007-04-27","realtime_end":"2007-05-30","date":"2007-01-01","value":"13632.6"},{"realtime_start":"2007-07-27","realtime_end":"2007-08-29","date":"2007-04-01","value":"13755.9"},{"realtime_start":"2007-10-31","realtime_end":"2007-11-28","date":"2007-07-01","value":"13926.7"},{"realtime_start":"2008-01-30","realtime_end":"2008-02-27","date":"2007-10-01","value":"14080.8"},{"realtime_start":"2008-04-30","realtime_end":"2008-05-28","date":"2008-01-01","value":"14185.2"},{"realtime_start":"2008-07-31","realtime_end":"2008-08-27","date":"2008-04-01","value":"14256.5"},{"realtime_start":"2008-10-30","realtime_end":"2008-11-24","date":"2008-07-01","value":"14429.2"},{"realtime_start":"2009-01-30","realtime_end":"2009-02-26","date":"2008-10-01","value":"14264.6"},{"realtime_start":"2009-04-29","realtime_end":"2009-05-28","date":"2009-01-01","value":"14075.5"},{"realtime_start":"2009-07-31","realtime_end":"2009-08-26","date":"2009-04-01","value":"14149.8"},{"realtime_start":"2009-10-29","realtime_end":"2009-11-23","date":"2009-07-01","value":"14301.5"},{"realtime_start":"2010-01-29","realtime_end":"2010-02-25","date":"2009-10-01","value":"14463.4"},{"realtime_start":"2010-04-30","realtime_end":"2010-06-24","date":"2010-01-01","value":"14601.4"},{"realtime_start":"2010-07-30","realtime_end":"2010-08-26","date":"2010-04-01","value":"14597.7"},{"realtime_start":"2010-10-29","realtime_end":"2010-11-22","date":"2010-07-01","value":"14730.2"},{"realtime_start":"2011-01-28","realtime_end":"2011-02-24","date":"2010-10-01","value":"14870.4"},{"realtime_start":"2011-04-28","realtime_end":"2011-05-25","date":"2011-01-01","value":"15006.4"},{"realtime_start":"2011-07-29","realtime_end":"2011-08-25","date":"2011-04-01","value":"15003.8"},{"realtime_start":"2011-10-27","realtime_end":"2011-11-21","date":"2011-07-01","value":"15198.6"},{"realtime_start":"2012-01-27","realtime_end":"2012-02-28","date":"2011-10-01","value":"15294.3"},{"realtime_start":"2012-04-27","realtime_end":"2012-05-30","date":"2012-01-01","value":"15461.8"},{"realtime_start":"2012-07-27","realtime_end":"2012-08-28","date":"2012-04-01","value":"15595.9"},{"realtime_start":"2012-10-26","realtime_end":"2012-11-28","date":"2012-07-01","value":"15775.7"},{"realtime_start":"2013-01-30","realtime_end":"2013-02-27","date":"2012-10-01","value":"15829.0"},{"realtime_start":"2013-04-26","realtime_end":"2013-05-29","date":"2013-01-01","value":"16010.2"},{"realtime_start":"2013-07-31","realtime_end":"2013-08-28","date":"2013-04-01","value":"16633.4"},{"realtime_start":"2013-11-07","realtime_end":"2013-12-04","date":"2013-07-01","value":"16857.6"},{"realtime_start":"2014-01-30","realtime_end":"2014-02-27","date":"2013-10-01","value":"17102.5"},{"realtime_start":"2014-04-30","realtime_end":"2014-05-28","date":"2014-01-01","value":"17149.6"},{"realtime_start":"2014-07-30","realtime_end":"2014-08-27","date":"2014-04-01","value":"17294.7"},{"realtime_start":"2014-10-30","realtime_end":"2014-11-24","date":"2014-07-01","value":"17535.4"},{"realtime_start":"2015-01-30","realtime_end":"2015-02-26","date":"2014-10-01","value":"17710.7"},{"realtime_start":"2015-04-29","realtime_end":"2015-05-28","date":"2015-01-01","value":"17710.0"},{"realtime_start":"2015-07-30","realtime_end":"2015-08-26","date":"2015-04-01","value":"17840.5"},{"realtime_start":"2015-10-29","realtime_end":"2015-11-23","date":"2015-07-01","value":"18034.8"},{"realtime_start":"2016-01-29","realtime_end":"2016-02-25","date":"2015-10-01","value":"18128.2"},{"realtime_start":"2016-04-28","realtime_end":"2016-05-26","date":"2016-01-01","value":"18221.1"},{"realtime_start":"2016-07-29","realtime_end":"2016-08-25","date":"2016-04-01","value":"18437.6"},{"realtime_start":"2016-10-28","realtime_end":"2016-11-28","date":"2016-07-01","value":"18651.2"},{"realtime_start":"2017-01-27","realtime_end":"2017-02-27","date":"2016-10-01","value":"18860.8"},{"realtime_start":"2017-04-28","realtime_end":"2017-05-25","date":"2017-01-01","value":"19007.3"},{"realtime_start":"2017-07-28","realtime_end":"2017-08-29","date":"2017-04-01","value":"19226.7"},{"realtime_start":"2017-10-27","realtime_end":"2017-11-28","date":"2017-07-01","value":"19495.476"},{"realtime_start":"2018-01-26","realtime_end":"2018-02-27","date":"2017-10-01","value":"19738.887"},{"realtime_start":"2018-04-27","realtime_end":"2018-05-29","date":"2018-01-01","value":"19965.326"},{"realtime_start":"2018-07-27","realtime_end":"2018-08-28","date":"2018-04-01","value":"20402.502"},{"realtime_start":"2018-10-26","realtime_end":"2018-11-27","date":"2018-07-01","value":"20659.029"},{"realtime_start":"2019-02-28","realtime_end":"2019-03-27","date":"2018-10-01","value":"20891.367"},{"realtime_start":"2019-04-26","realtime_end":"2019-05-29","date":"2019-01-01","value":"21062.691"},{"realtime_start":"2019-07-26","realtime_end":"2019-08-28","date":"2019-04-01","value":"21337.898"},{"realtime_start":"2019-10-30","realtime_end":"2019-11-26","date":"2019-07-01","value":"21525.819"},{"realtime_start":"2020-01-30","realtime_end":"2020-02-26","date":"2019-10-01","value":"21734.266"},{"realtime_start":"2020-04-29","realtime_end":"2020-05-27","date":"2020-01-01","value":"21537.94"},{"realtime_start":"2020-07-30","realtime_end":"2020-08-26","date":"2020-04-01","value":"19408.759"},{"realtime_start":"2020-10-29","realtime_end":"2020-11-24","date":"2020-07-01","value":"21157.635"},{"realtime_start":"2021-01-28","realtime_end":"2021-02-24","date":"2020-10-01","value":"21479.529"},{"realtime_start":"2021-04-29","realtime_end":"2021-05-26","date":"2021-01-01","value":"22048.894"},{"realtime_start":"2021-07-29","realtime_end":"2021-08-25","date":"2021-04-01","value":"22722.581"},{"realtime_start":"2021-10-28","realtime_end":"2021-11-23","date":"2021-07-01","value":"23173.496"},{"realtime_start":"2022-01-27","realtime_end":"2022-02-23","date":"2021-10-01","value":"23992.355"},{"realtime_start":"2022-04-28","realtime_end":"2022-05-25","date":"2022-01-01","value":"24382.683"},{"realtime_start":"2022-07-28","realtime_end":"2022-08-24","date":"2022-04-01","value":"24851.809"},{"realtime_start":"2022-10-27","realtime_end":"2022-11-29","date":"2022-07-01","value":"25663.289"},{"realtime_start":"2023-01-26","realtime_end":"2023-02-22","date":"2022-10-01","value":"26132.458"},{"realtime_start":"2023-04-27","realtime_end":"2023-05-24","date":"2023-01-01","value":"26465.865"},{"realtime_start":"2023-07-27","realtime_end":"2023-08-29","date":"2023-04-01","value":"26834.953"},{"realtime_start":"2023-10-26","realtime_end":"2023-11-28","date":"2023-07-01","value":"27623.543"},{"realtime_start":"2024-01-25","realtime_end":"2024-02-27","date":"2023-10-01","value":"27938.831"},{"realtime_start":"2024-04-25","realtime_end":"2024-05-29","date":"2024-01-01","value":"28284.498"},{"realtime_start":"2024-07-25","realtime_end":"2024-08-28","date":"2024-04-01","value":"28629.153"},{"realtime_start":"2024-10-30","realtime_end":"9999-12-31","date":"2024-07-01","value":"29349.924"}]}



        '
    headers:
      Cache-Control:
      - max-age=0, no-cache
      Connection:
      - keep-alive
      Content-Encoding:
      - gzip
      Content-Length:
      - '3433'
      Content-Type:
      - application/json; charset=UTF-8
      Date:
      - Sat, 02 Nov 2024 16:59:08 GMT
      Expires:
      - Sat, 02 Nov 2024 16:59:08 GMT
      Last-Modified:
      - Wed, 30 Oct 2024 12:54:01 GMT
      Pragma:
      - no-cache
      Server:
      - Apache
      Strict-Transport-Security:
      - max-age=86400
      Vary:
      - Accept-Encoding
    status:
      code: 200
      message: OK
version: 1
