interactions:
- request:
    body: null
    headers:
      Accept:
      - '*/*'
      Accept-Encoding:
      - gzip, deflate
      Connection:
      - keep-alive
      User-Agent:
      - python-requests/2.31.0
    method: GET
    uri: https://api.stlouisfed.org/fred/series/categories?file_type=json&series_id=GDP
  response:
    body:
      string: '{"categories":[{"id":106,"name":"GDP\/GNP","parent_id":18}]}'
    headers:
      Accept-Ranges:
      - bytes
      Connection:
      - keep-alive
      Content-Encoding:
      - gzip
      Content-Length:
      - '78'
      Content-Type:
      - application/json; charset=UTF-8
      Date:
      - Sat, 02 Sep 2023 19:57:45 GMT
      ETag:
      - W/"d3a83cc7c7afdef911f3fa07c00defed-gzip"
      Expires:
      - Sun, 03 Sep 2023 19:57:45 GMT
      Vary:
      - Accept-Encoding
      x-rate-limit-limit:
      - '120'
      x-rate-limit-remaining:
      - '73'
    status:
      code: 200
      message: OK
- request:
    body: null
    headers:
      Accept:
      - '*/*'
      Accept-Encoding:
      - gzip, deflate
      Connection:
      - keep-alive
      User-Agent:
      - python-requests/2.31.0
    method: GET
    uri: https://api.stlouisfed.org/fred/series/categories?file_type=json&series_id=GDP
  response:
    body:
      string: '{"categories":[{"id":106,"name":"GDP\/GNP","parent_id":18}]}'
    headers:
      Accept-Ranges:
      - bytes
      Connection:
      - keep-alive
      Content-Encoding:
      - gzip
      Content-Length:
      - '78'
      Content-Type:
      - application/json; charset=UTF-8
      Date:
      - Sat, 02 Sep 2023 19:57:45 GMT
      ETag:
      - W/"d3a83cc7c7afdef911f3fa07c00defed-gzip"
      Expires:
      - Sun, 03 Sep 2023 19:57:45 GMT
      Vary:
      - Accept-Encoding
      x-rate-limit-limit:
      - '120'
      x-rate-limit-remaining:
      - '71'
    status:
      code: 200
      message: OK
- request:
    body: null
    headers:
      Accept:
      - '*/*'
      Accept-Encoding:
      - gzip, deflate
      Connection:
      - keep-alive
      User-Agent:
      - python-requests/2.31.0
    method: GET
    uri: https://api.stlouisfed.org/fred/series/categories?file_type=json&series_id=GDP
  response:
    body:
      string: '{"categories":[{"id":106,"name":"GDP\/GNP","parent_id":18}]}'
    headers:
      Accept-Ranges:
      - bytes
      Connection:
      - keep-alive
      Content-Encoding:
      - gzip
      Content-Length:
      - '78'
      Content-Type:
      - application/json; charset=UTF-8
      Date:
      - Sun, 03 Sep 2023 01:30:01 GMT
      ETag:
      - W/"d3a83cc7c7afdef911f3fa07c00defed-gzip"
      Expires:
      - Mon, 04 Sep 2023 01:30:00 GMT
      Vary:
      - Accept-Encoding
      x-rate-limit-limit:
      - '120'
      x-rate-limit-remaining:
      - '120'
    status:
      code: 200
      message: OK
- request:
    body: null
    headers:
      Accept:
      - '*/*'
      Accept-Encoding:
      - gzip, deflate
      Connection:
      - keep-alive
      User-Agent:
      - python-requests/2.31.0
    method: GET
    uri: https://api.stlouisfed.org/fred/series/categories?file_type=json&series_id=GDP
  response:
    body:
      string: '{"categories":[{"id":106,"name":"GDP\/GNP","parent_id":18}]}'
    headers:
      Accept-Ranges:
      - bytes
      Connection:
      - keep-alive
      Content-Encoding:
      - gzip
      Content-Length:
      - '78'
      Content-Type:
      - application/json; charset=UTF-8
      Date:
      - Sun, 03 Sep 2023 01:30:01 GMT
      ETag:
      - W/"d3a83cc7c7afdef911f3fa07c00defed-gzip"
      Expires:
      - Mon, 04 Sep 2023 01:30:01 GMT
      Vary:
      - Accept-Encoding
      x-rate-limit-limit:
      - '120'
      x-rate-limit-remaining:
      - '118'
    status:
      code: 200
      message: OK
- request:
    body: null
    headers:
      Accept:
      - '*/*'
      Accept-Encoding:
      - gzip, deflate
      Connection:
      - keep-alive
      User-Agent:
      - python-requests/2.31.0
    method: GET
    uri: https://api.stlouisfed.org/fred/series/categories?file_type=json&series_id=GDP
  response:
    body:
      string: '{"categories":[{"id":106,"name":"GDP\/GNP","parent_id":18}]}'
    headers:
      Accept-Ranges:
      - bytes
      Connection:
      - keep-alive
      Content-Encoding:
      - gzip
      Content-Length:
      - '78'
      Content-Type:
      - application/json; charset=UTF-8
      Date:
      - Sun, 03 Sep 2023 01:54:22 GMT
      ETag:
      - W/"d3a83cc7c7afdef911f3fa07c00defed-gzip"
      Expires:
      - Mon, 04 Sep 2023 01:54:22 GMT
      Vary:
      - Accept-Encoding
      x-rate-limit-limit:
      - '120'
      x-rate-limit-remaining:
      - '92'
    status:
      code: 200
      message: OK
- request:
    body: null
    headers:
      Accept:
      - '*/*'
      Accept-Encoding:
      - gzip, deflate
      Connection:
      - keep-alive
      User-Agent:
      - python-requests/2.31.0
    method: GET
    uri: https://api.stlouisfed.org/fred/series/categories?file_type=json&series_id=GDP
  response:
    body:
      string: '{"categories":[{"id":106,"name":"GDP\/GNP","parent_id":18}]}'
    headers:
      Accept-Ranges:
      - bytes
      Connection:
      - keep-alive
      Content-Encoding:
      - gzip
      Content-Length:
      - '78'
      Content-Type:
      - application/json; charset=UTF-8
      Date:
      - Sun, 03 Sep 2023 01:54:23 GMT
      ETag:
      - W/"d3a83cc7c7afdef911f3fa07c00defed-gzip"
      Expires:
      - Mon, 04 Sep 2023 01:54:22 GMT
      Vary:
      - Accept-Encoding
      x-rate-limit-limit:
      - '120'
      x-rate-limit-remaining:
      - '90'
    status:
      code: 200
      message: OK
version: 1
